Component: ARM Compiler 5.06 update 6 (build 750) Tool: armlink [4d35ed]

==============================================================================

Section Cross References

    startup_hc32f46x.o(RESET) refers to startup_hc32f46x.o(STACK) for __initial_sp
    startup_hc32f46x.o(RESET) refers to startup_hc32f46x.o(.text) for Reset_Handler
    startup_hc32f46x.o(RESET) refers to hc32f46x_interrupts.o(i.NMI_Handler) for NMI_Handler
    startup_hc32f46x.o(RESET) refers to hc32f46x_interrupts.o(i.HardFault_Handler) for HardFault_Handler
    startup_hc32f46x.o(RESET) refers to hc32f46x_interrupts.o(i.MemManage_Handler) for MemManage_Handler
    startup_hc32f46x.o(RESET) refers to hc32f46x_interrupts.o(i.BusFault_Handler) for BusFault_Handler
    startup_hc32f46x.o(RESET) refers to hc32f46x_interrupts.o(i.UsageFault_Handler) for UsageFault_Handler
    startup_hc32f46x.o(RESET) refers to hc32f46x_interrupts.o(i.SVC_Handler) for SVC_Handler
    startup_hc32f46x.o(RESET) refers to hc32f46x_interrupts.o(i.DebugMon_Handler) for DebugMon_Handler
    startup_hc32f46x.o(RESET) refers to hc32f46x_interrupts.o(i.PendSV_Handler) for PendSV_Handler
    startup_hc32f46x.o(RESET) refers to hc32f46x_interrupts.o(i.SysTick_Handler) for SysTick_Handler
    startup_hc32f46x.o(RESET) refers to hc32f46x_interrupts.o(i.IRQ000_Handler) for IRQ000_Handler
    startup_hc32f46x.o(RESET) refers to hc32f46x_interrupts.o(i.IRQ001_Handler) for IRQ001_Handler
    startup_hc32f46x.o(RESET) refers to hc32f46x_interrupts.o(i.IRQ002_Handler) for IRQ002_Handler
    startup_hc32f46x.o(RESET) refers to hc32f46x_interrupts.o(i.IRQ003_Handler) for IRQ003_Handler
    startup_hc32f46x.o(RESET) refers to hc32f46x_interrupts.o(i.IRQ004_Handler) for IRQ004_Handler
    startup_hc32f46x.o(RESET) refers to hc32f46x_interrupts.o(i.IRQ005_Handler) for IRQ005_Handler
    startup_hc32f46x.o(RESET) refers to hc32f46x_interrupts.o(i.IRQ006_Handler) for IRQ006_Handler
    startup_hc32f46x.o(RESET) refers to hc32f46x_interrupts.o(i.IRQ007_Handler) for IRQ007_Handler
    startup_hc32f46x.o(RESET) refers to hc32f46x_interrupts.o(i.IRQ008_Handler) for IRQ008_Handler
    startup_hc32f46x.o(RESET) refers to hc32f46x_interrupts.o(i.IRQ009_Handler) for IRQ009_Handler
    startup_hc32f46x.o(RESET) refers to hc32f46x_interrupts.o(i.IRQ010_Handler) for IRQ010_Handler
    startup_hc32f46x.o(RESET) refers to hc32f46x_interrupts.o(i.IRQ011_Handler) for IRQ011_Handler
    startup_hc32f46x.o(RESET) refers to hc32f46x_interrupts.o(i.IRQ012_Handler) for IRQ012_Handler
    startup_hc32f46x.o(RESET) refers to hc32f46x_interrupts.o(i.IRQ013_Handler) for IRQ013_Handler
    startup_hc32f46x.o(RESET) refers to hc32f46x_interrupts.o(i.IRQ014_Handler) for IRQ014_Handler
    startup_hc32f46x.o(RESET) refers to hc32f46x_interrupts.o(i.IRQ015_Handler) for IRQ015_Handler
    startup_hc32f46x.o(RESET) refers to hc32f46x_interrupts.o(i.IRQ016_Handler) for IRQ016_Handler
    startup_hc32f46x.o(RESET) refers to hc32f46x_interrupts.o(i.IRQ017_Handler) for IRQ017_Handler
    startup_hc32f46x.o(RESET) refers to hc32f46x_interrupts.o(i.IRQ018_Handler) for IRQ018_Handler
    startup_hc32f46x.o(RESET) refers to hc32f46x_interrupts.o(i.IRQ019_Handler) for IRQ019_Handler
    startup_hc32f46x.o(RESET) refers to hc32f46x_interrupts.o(i.IRQ020_Handler) for IRQ020_Handler
    startup_hc32f46x.o(RESET) refers to hc32f46x_interrupts.o(i.IRQ021_Handler) for IRQ021_Handler
    startup_hc32f46x.o(RESET) refers to hc32f46x_interrupts.o(i.IRQ022_Handler) for IRQ022_Handler
    startup_hc32f46x.o(RESET) refers to hc32f46x_interrupts.o(i.IRQ023_Handler) for IRQ023_Handler
    startup_hc32f46x.o(RESET) refers to hc32f46x_interrupts.o(i.IRQ024_Handler) for IRQ024_Handler
    startup_hc32f46x.o(RESET) refers to hc32f46x_interrupts.o(i.IRQ025_Handler) for IRQ025_Handler
    startup_hc32f46x.o(RESET) refers to hc32f46x_interrupts.o(i.IRQ026_Handler) for IRQ026_Handler
    startup_hc32f46x.o(RESET) refers to hc32f46x_interrupts.o(i.IRQ027_Handler) for IRQ027_Handler
    startup_hc32f46x.o(RESET) refers to hc32f46x_interrupts.o(i.IRQ028_Handler) for IRQ028_Handler
    startup_hc32f46x.o(RESET) refers to hc32f46x_interrupts.o(i.IRQ029_Handler) for IRQ029_Handler
    startup_hc32f46x.o(RESET) refers to hc32f46x_interrupts.o(i.IRQ030_Handler) for IRQ030_Handler
    startup_hc32f46x.o(RESET) refers to hc32f46x_interrupts.o(i.IRQ031_Handler) for IRQ031_Handler
    startup_hc32f46x.o(RESET) refers to hc32f46x_interrupts.o(i.IRQ032_Handler) for IRQ032_Handler
    startup_hc32f46x.o(RESET) refers to hc32f46x_interrupts.o(i.IRQ033_Handler) for IRQ033_Handler
    startup_hc32f46x.o(RESET) refers to hc32f46x_interrupts.o(i.IRQ034_Handler) for IRQ034_Handler
    startup_hc32f46x.o(RESET) refers to hc32f46x_interrupts.o(i.IRQ035_Handler) for IRQ035_Handler
    startup_hc32f46x.o(RESET) refers to hc32f46x_interrupts.o(i.IRQ036_Handler) for IRQ036_Handler
[...]
    i.IRQ077_Handler                         0x000013e4   Section        0  hc32f46x_interrupts.o(i.IRQ077_Handler)
    i.IRQ078_Handler                         0x000013fc   Section        0  hc32f46x_interrupts.o(i.IRQ078_Handler)
    i.IRQ079_Handler                         0x00001414   Section        0  hc32f46x_interrupts.o(i.IRQ079_Handler)
    i.IRQ080_Handler                         0x0000142c   Section        0  hc32f46x_interrupts.o(i.IRQ080_Handler)
    i.IRQ081_Handler                         0x00001444   Section        0  hc32f46x_interrupts.o(i.IRQ081_Handler)
    i.IRQ082_Handler                         0x0000145c   Section        0  hc32f46x_interrupts.o(i.IRQ082_Handler)
    i.IRQ083_Handler                         0x00001474   Section        0  hc32f46x_interrupts.o(i.IRQ083_Handler)
    i.IRQ084_Handler                         0x0000148c   Section        0  hc32f46x_interrupts.o(i.IRQ084_Handler)
    i.IRQ085_Handler                         0x000014a4   Section        0  hc32f46x_interrupts.o(i.IRQ085_Handler)
    i.IRQ086_Handler                         0x000014bc   Section        0  hc32f46x_interrupts.o(i.IRQ086_Handler)
    i.IRQ087_Handler                         0x000014d4   Section        0  hc32f46x_interrupts.o(i.IRQ087_Handler)
    i.IRQ088_Handler                         0x000014ec   Section        0  hc32f46x_interrupts.o(i.IRQ088_Handler)
    i.IRQ089_Handler                         0x00001504   Section        0  hc32f46x_interrupts.o(i.IRQ089_Handler)
    i.IRQ090_Handler                         0x0000151c   Section        0  hc32f46x_interrupts.o(i.IRQ090_Handler)
    i.IRQ091_Handler                         0x00001534   Section        0  hc32f46x_interrupts.o(i.IRQ091_Handler)
    i.IRQ092_Handler                         0x0000154c   Section        0  hc32f46x_interrupts.o(i.IRQ092_Handler)
    i.IRQ093_Handler                         0x00001564   Section        0  hc32f46x_interrupts.o(i.IRQ093_Handler)
    i.IRQ094_Handler                         0x0000157c   Section        0  hc32f46x_interrupts.o(i.IRQ094_Handler)
    i.IRQ095_Handler                         0x00001594   Section        0  hc32f46x_interrupts.o(i.IRQ095_Handler)
    i.IRQ096_Handler                         0x000015ac   Section        0  hc32f46x_interrupts.o(i.IRQ096_Handler)
    i.IRQ097_Handler                         0x000015c4   Section        0  hc32f46x_interrupts.o(i.IRQ097_Handler)
    i.IRQ098_Handler                         0x000015dc   Section        0  hc32f46x_interrupts.o(i.IRQ098_Handler)
    i.IRQ099_Handler                         0x000015f4   Section        0  hc32f46x_interrupts.o(i.IRQ099_Handler)
    i.IRQ100_Handler                         0x0000160c   Section        0  hc32f46x_interrupts.o(i.IRQ100_Handler)
    i.IRQ101_Handler                         0x00001624   Section        0  hc32f46x_interrupts.o(i.IRQ101_Handler)
    i.IRQ102_Handler                         0x0000163c   Section        0  hc32f46x_interrupts.o(i.IRQ102_Handler)
    i.IRQ103_Handler                         0x00001654   Section        0  hc32f46x_interrupts.o(i.IRQ103_Handler)
    i.IRQ104_Handler                         0x0000166c   Section        0  hc32f46x_interrupts.o(i.IRQ104_Handler)
    i.IRQ105_Handler                         0x00001684   Section        0  hc32f46x_interrupts.o(i.IRQ105_Handler)
    i.IRQ106_Handler                         0x0000169c   Section        0  hc32f46x_interrupts.o(i.IRQ106_Handler)
    i.IRQ107_Handler                         0x000016b4   Section        0  hc32f46x_interrupts.o(i.IRQ107_Handler)
    i.IRQ108_Handler                         0x000016cc   Section        0  hc32f46x_interrupts.o(i.IRQ108_Handler)
    i.IRQ109_Handler                         0x000016e4   Section        0  hc32f46x_interrupts.o(i.IRQ109_Handler)
    i.IRQ110_Handler                         0x000016fc   Section        0  hc32f46x_interrupts.o(i.IRQ110_Handler)
    i.IRQ111_Handler                         0x00001714   Section        0  hc32f46x_interrupts.o(i.IRQ111_Handler)
    i.IRQ112_Handler                         0x0000172c   Section        0  hc32f46x_interrupts.o(i.IRQ112_Handler)
    i.IRQ113_Handler                         0x00001744   Section        0  hc32f46x_interrupts.o(i.IRQ113_Handler)
    i.IRQ114_Handler                         0x0000175c   Section        0  hc32f46x_interrupts.o(i.IRQ114_Handler)
    i.IRQ115_Handler                         0x00001774   Section        0  hc32f46x_interrupts.o(i.IRQ115_Handler)
    i.IRQ116_Handler                         0x0000178c   Section        0  hc32f46x_interrupts.o(i.IRQ116_Handler)
    i.IRQ117_Handler                         0x000017a4   Section        0  hc32f46x_interrupts.o(i.IRQ117_Handler)
    i.IRQ118_Handler                         0x000017bc   Section        0  hc32f46x_interrupts.o(i.IRQ118_Handler)
    i.IRQ119_Handler                         0x000017d4   Section        0  hc32f46x_interrupts.o(i.IRQ119_Handler)
    i.IRQ120_Handler                         0x000017ec   Section        0  hc32f46x_interrupts.o(i.IRQ120_Handler)
    i.IRQ121_Handler                         0x00001804   Section        0  hc32f46x_interrupts.o(i.IRQ121_Handler)
    i.IRQ122_Handler                         0x0000181c   Section        0  hc32f46x_interrupts.o(i.IRQ122_Handler)
    i.IRQ123_Handler                         0x00001834   Section        0  hc32f46x_interrupts.o(i.IRQ123_Handler)
    i.IRQ124_Handler                         0x0000184c   Section        0  hc32f46x_interrupts.o(i.IRQ124_Handler)
    i.IRQ125_Handler                         0x00001864   Section        0  hc32f46x_interrupts.o(i.IRQ125_Handler)
    i.IRQ126_Handler                         0x0000187c   Section        0  hc32f46x_interrupts.o(i.IRQ126_Handler)
    i.IRQ127_Handler                         0x00001894   Section        0  hc32f46x_interrupts.o(i.IRQ127_Handler)
    i.IRQ128_Handler                         0x000018ac   Section        0  hc32f46x_interrupts.o(i.IRQ128_Handler)
    i.IRQ129_Handler                         0x000019fc   Section        0  hc32f46x_interrupts.o(i.IRQ129_Handler)
    i.IRQ130_Handler                         0x00001e64   Section        0  hc32f46x_interrupts.o(i.IRQ130_Handler)
    i.IRQ131_Handler                         0x00001f40   Section        0  hc32f46x_interrupts.o(i.IRQ131_Handler)
    i.IRQ132_Handler                         0x00002208   Section        0  hc32f46x_interrupts.o(i.IRQ132_Handler)
    i.IRQ136_Handler                         0x00002378   Section        0  hc32f46x_interrupts.o(i.IRQ136_Handler)
    i.IRQ137_Handler                         0x00002698   Section        0  hc32f46x_interrupts.o(i.IRQ137_Handler)
    i.IRQ138_Handler                         0x00002920   Section        0  hc32f46x_interrupts.o(i.IRQ138_Handler)
    i.IRQ139_Handler                         0x00002b5c   Section        0  hc32f46x_interrupts.o(i.IRQ139_Handler)
    i.IRQ140_Handler                         0x00002c84   Section        0  hc32f46x_interrupts.o(i.IRQ140_Handler)
    i.IRQ141_Handler                         0x00002e98   Section        0  hc32f46x_interrupts.o(i.IRQ141_Handler)
    i.IRQ142_Handler                         0x000030f4   Section        0  hc32f46x_interrupts.o(i.IRQ142_Handler)
    i.IRQ143_Handler                         0x00003208   Section        0  hc32f46x_interrupts.o(i.IRQ143_Handler)
    i.MemManage_Handler                      0x00003318   Section        0  hc32f46x_interrupts.o(i.MemManage_Handler)
    i.NMI_Handler                            0x00003320   Section        0  hc32f46x_interrupts.o(i.NMI_Handler)
    i.NVIC_ClearPendingIRQ                   0x00003328   Section        0  init.o(i.NVIC_ClearPendingIRQ)
    NVIC_ClearPendingIRQ                     0x00003329   Thumb Code    18  init.o(i.NVIC_ClearPendingIRQ)
    i.NVIC_EnableIRQ                         0x00003340   Section        0  init.o(i.NVIC_EnableIRQ)
    NVIC_EnableIRQ                           0x00003341   Thumb Code    22  init.o(i.NVIC_EnableIRQ)
    i.NVIC_SetPriority                       0x00003358   Section        0  init.o(i.NVIC_SetPriority)
    NVIC_SetPriority                         0x00003359   Thumb Code    32  init.o(i.NVIC_SetPriority)
    i.PORT_Init                              0x00003380   Section        0  hc32f46x_gpio.o(i.PORT_Init)
    i.PORT_Lock                              0x00003454   Section        0  hc32f46x_gpio.o(i.PORT_Lock)
    i.PORT_ResetBits                         0x00003464   Section        0  hc32f46x_gpio.o(i.PORT_ResetBits)
    i.PORT_SetBits                           0x00003480   Section        0  hc32f46x_gpio.o(i.PORT_SetBits)
    i.PORT_SetFunc                           0x0000349c   Section        0  hc32f46x_gpio.o(i.PORT_SetFunc)
    i.PORT_Unlock                            0x000034f4   Section        0  hc32f46x_gpio.o(i.PORT_Unlock)
    i.PWC_Fcg1PeriphClockCmd                 0x00003504   Section        0  hc32f46x_pwc.o(i.PWC_Fcg1PeriphClockCmd)
    i.PWC_Fcg2PeriphClockCmd                 0x00003524   Section        0  hc32f46x_pwc.o(i.PWC_Fcg2PeriphClockCmd)
    i.PendSV_Handler                         0x00003544   Section        0  hc32f46x_interrupts.o(i.PendSV_Handler)
    i.SVC_Handler                            0x0000354c   Section        0  hc32f46x_interrupts.o(i.SVC_Handler)
    i.SetClkSyncBaudrate                     0x00003554   Section        0  hc32f46x_usart.o(i.SetClkSyncBaudrate)
    SetClkSyncBaudrate                       0x00003555   Thumb Code   278  hc32f46x_usart.o(i.SetClkSyncBaudrate)
    i.SetScBaudrate                          0x00003680   Section        0  hc32f46x_usart.o(i.SetScBaudrate)
    SetScBaudrate                            0x00003681   Thumb Code   328  hc32f46x_usart.o(i.SetScBaudrate)
    i.SetUartBaudrate                        0x000037e0   Section        0  hc32f46x_usart.o(i.SetUartBaudrate)
    SetUartBaudrate                          0x000037e1   Thumb Code   348  hc32f46x_usart.o(i.SetUartBaudrate)
    i.SysTick_Handler                        0x00003950   Section        0  hc32f46x_interrupts.o(i.SysTick_Handler)
    i.SystemClockInit                        0x00003958   Section        0  init.o(i.SystemClockInit)
    i.SystemCoreClockUpdate                  0x00003a64   Section        0  system_hc32f46x.o(i.SystemCoreClockUpdate)
    i.SystemInit                             0x00003b28   Section        0  system_hc32f46x.o(i.SystemInit)
    i.TIMER0_BaseInit                        0x00003b30   Section        0  hc32f46x_timer0.o(i.TIMER0_BaseInit)
    i.TIMER0_Cmd                             0x00004124   Section        0  hc32f46x_timer0.o(i.TIMER0_Cmd)
    i.TIMER0_GetClkMode                      0x000041aa   Section        0  hc32f46x_timer0.o(i.TIMER0_GetClkMode)
    TIMER0_GetClkMode                        0x000041ab   Thumb Code    34  hc32f46x_timer0.o(i.TIMER0_GetClkMode)
    i.TIMER0_IntCmd                          0x000041cc   Section        0  hc32f46x_timer0.o(i.TIMER0_IntCmd)
    i.Timer0B_CallBack                       0x00004254   Section        0  isr.o(i.Timer0B_CallBack)
    i.TimerInit                              0x000042c8   Section        0  init.o(i.TimerInit)
    i.UARTInit                               0x0000436c   Section        0  init.o(i.UARTInit)
    i.USART_ClearStatus                      0x000044b8   Section        0  hc32f46x_usart.o(i.USART_ClearStatus)
    i.USART_FuncCmd                          0x0000453c   Section        0  hc32f46x_usart.o(i.USART_FuncCmd)
    i.USART_GetStatus                        0x00004780   Section        0  hc32f46x_usart.o(i.USART_GetStatus)
    i.USART_RecData                          0x00004790   Section        0  hc32f46x_usart.o(i.USART_RecData)
    i.USART_SendData                         0x0000479a   Section        0  hc32f46x_usart.o(i.USART_SendData)
    i.USART_SetBaudrate                      0x000047a8   Section        0  hc32f46x_usart.o(i.USART_SetBaudrate)
    i.USART_UART_Init                        0x00004810   Section        0  hc32f46x_usart.o(i.USART_UART_Init)
    i.UartDatePro                            0x00004ac0   Section        0  apply.o(i.UartDatePro)
    i.UartTimeout                            0x00004b14   Section        0  apply.o(i.UartTimeout)
    i.UsageFault_Handler                     0x00004b4c   Section        0  hc32f46x_interrupts.o(i.UsageFault_Handler)
    i.UsartErrIrqCallback                    0x00004b54   Section        0  isr.o(i.UsartErrIrqCallback)
    i.UsartGetClk                            0x00004b98   Section        0  hc32f46x_usart.o(i.UsartGetClk)
    UsartGetClk                              0x00004b99   Thumb Code    44  hc32f46x_usart.o(i.UsartGetClk)
    i.UsartRxIrqCallback                     0x00004bcc   Section        0  isr.o(i.UsartRxIrqCallback)
    i.UsartTxCmpltIrqCallback                0x00004bf4   Section        0  isr.o(i.UsartTxCmpltIrqCallback)
    i.UsartTxIrqCallback                     0x00004c10   Section        0  isr.o(i.UsartTxIrqCallback)
    i.__scatterload_copy                     0x00004c3c   Section       14  handlers.o(i.__scatterload_copy)
    i.__scatterload_zeroinit                 0x00004c4a   Section       14  handlers.o(i.__scatterload_zeroinit)
    i.enIrqRegistration                      0x00004c58   Section        0  hc32f46x_interrupts.o(i.enIrqRegistration)
    i.led                                    0x00004ce0   Section        0  apply.o(i.led)
    i.main                                   0x00004d7c   Section        0  main.o(i.main)
    .constdata                               0x00004d94   Section       16  hc32f46x_usart.o(.constdata)
    .constdata                               0x00004da4   Section        9  init.o(.constdata)
    .data                                    0x1fff8000   Section        4  system_hc32f46x.o(.data)
    .data                                    0x1fff8004   Section        5  apply.o(.data)
    .data                                    0x1fff800c   Section       36  init.o(.data)
    .data                                    0x1fff8030   Section       13  isr.o(.data)
    .bss                                     0x1fff8040   Section      512  hc32f46x_interrupts.o(.bss)
    .bss                                     0x1fff8240   Section       32  init.o(.bss)
    .bss                                     0x1fff8260   Section      128  isr.o(.bss)
    STACK                                    0x1fff82e0   Section    12288  startup_hc32f46x.o(STACK)

    Global Symbols

    Symbol Name                              Value     Ov Type        Size  Object(Section)

    BuildAttributes$$THM_ISAv4$E$P$D$K$B$S$7EM$PE$A:L22UL41UL21$X:L11$S22US41US21$IEEE1$IW$USESV6$~STKCKD$USESV7$~SHL$OTIME$ROPI$EBA8$MICROLIB$REQ8$PRES8$EABIv2 0x00000000   Number         0  anon$$obj.o ABSOLUTE
    __ARM_use_no_argv                        0x00000000   Number         0  main.o ABSOLUTE
    __Vectors                                0x00000000   Data           4  startup_hc32f46x.o(RESET)
    ADC1A_IrqHandler                          - Undefined Weak Reference
    ADC1B_IrqHandler                          - Undefined Weak Reference
    ADC1ChCmp_IrqHandler                      - Undefined Weak Reference
    ADC1SeqCmp_IrqHandler                     - Undefined Weak Reference
    ADC2A_IrqHandler                          - Undefined Weak Reference
    ADC2B_IrqHandler                          - Undefined Weak Reference
    ADC2ChCmp_IrqHandler                      - Undefined Weak Reference
    ADC2SeqCmp_IrqHandler                     - Undefined Weak Reference
    BusFault_IrqHandler                       - Undefined Weak Reference
    Can_IrqHandler                            - Undefined Weak Reference
    Dcu1_IrqHandler                           - Undefined Weak Reference
    Dcu2_IrqHandler                           - Undefined Weak Reference
    Dcu3_IrqHandler                           - Undefined Weak Reference
    Dcu4_IrqHandler                           - Undefined Weak Reference
    DebugMon_IrqHandler                       - Undefined Weak Reference
    Dma1Btc0_IrqHandler                       - Undefined Weak Reference
    Dma1Btc1_IrqHandler                       - Undefined Weak Reference
    Dma1Btc2_IrqHandler                       - Undefined Weak Reference
    Dma1Btc3_IrqHandler                       - Undefined Weak Reference
    Dma1Err0_IrqHandler                       - Undefined Weak Reference
    Dma1Err1_IrqHandler                       - Undefined Weak Reference
    Dma1Err2_IrqHandler                       - Undefined Weak Reference
    Dma1Err3_IrqHandler                       - Undefined Weak Reference
    Dma1Tc0_IrqHandler                        - Undefined Weak Reference
    Dma1Tc1_IrqHandler                        - Undefined Weak Reference
    Dma1Tc2_IrqHandler                        - Undefined Weak Reference
    Dma1Tc3_IrqHandler                        - Undefined Weak Reference
    Dma2Btc0_IrqHandler                       - Undefined Weak Reference
    Dma2Btc1_IrqHandler                       - Undefined Weak Reference
    Dma2Btc2_IrqHandler                       - Undefined Weak Reference
    Dma2Btc3_IrqHandler                       - Undefined Weak Reference
    Dma2Err0_IrqHandler                       - Undefined Weak Reference
    Dma2Err1_IrqHandler                       - Undefined Weak Reference
    Dma2Err2_IrqHandler                       - Undefined Weak Reference
    Dma2Err3_IrqHandler                       - Undefined Weak Reference
    Dma2Tc0_IrqHandler                        - Undefined Weak Reference
    Dma2Tc1_IrqHandler                        - Undefined Weak Reference
    Dma2Tc2_IrqHandler                        - Undefined Weak Reference
    Dma2Tc3_IrqHandler                        - Undefined Weak Reference
    EfmColErr_IrqHandler                      - Undefined Weak Reference
    EfmOpEnd_IrqHandler                       - Undefined Weak Reference
    EfmPgmEraseErr_IrqHandler                 - Undefined Weak Reference
    Emb1_IrqHandler                           - Undefined Weak Reference
    Emb2_IrqHandler                           - Undefined Weak Reference
    Emb3_IrqHandler                           - Undefined Weak Reference
    Emb4_IrqHandler                           - Undefined Weak Reference
    Extint00_IrqHandler                       - Undefined Weak Reference
    Extint01_IrqHandler                       - Undefined Weak Reference
    Extint02_IrqHandler                       - Undefined Weak Reference
    Extint03_IrqHandler                       - Undefined Weak Reference
    Extint04_IrqHandler                       - Undefined Weak Reference
    Extint05_IrqHandler                       - Undefined Weak Reference
    Extint06_IrqHandler                       - Undefined Weak Reference
    Extint07_IrqHandler                       - Undefined Weak Reference
    Extint08_IrqHandler                       - Undefined Weak Reference
    Extint09_IrqHandler                       - Undefined Weak Reference
    Extint10_IrqHandler                       - Undefined Weak Reference
    Extint11_IrqHandler                       - Undefined Weak Reference
    Extint12_IrqHandler                       - Undefined Weak Reference
    Extint13_IrqHandler                       - Undefined Weak Reference
    Extint14_IrqHandler                       - Undefined Weak Reference
    Extint15_IrqHandler                       - Undefined Weak Reference
    FcmEnd_IrqHandler                         - Undefined Weak Reference
    FcmErr_IrqHandler                         - Undefined Weak Reference
    FcmOV_IrqHandler                          - Undefined Weak Reference
    HardFault_IrqHandler                      - Undefined Weak Reference
    I2c1Err_IrqHandler                        - Undefined Weak Reference
    I2c1RxEnd_IrqHandler                      - Undefined Weak Reference
    I2c1TxEmpty_IrqHandler                    - Undefined Weak Reference
    I2c1TxEnd_IrqHandler                      - Undefined Weak Reference
    I2c2Err_IrqHandler                        - Undefined Weak Reference
    I2c2RxEnd_IrqHandler                      - Undefined Weak Reference
    I2c2TxEmpty_IrqHandler                    - Undefined Weak Reference
    I2c2TxEnd_IrqHandler                      - Undefined Weak Reference
    I2c3Err_IrqHandler                        - Undefined Weak Reference
    I2c3RxEnd_IrqHandler                      - Undefined Weak Reference
    I2c3TxEmpty_IrqHandler                    - Undefined Weak Reference
    I2c3TxEnd_IrqHandler                      - Undefined Weak Reference
    I2s1Err_IrqHandler                        - Undefined Weak Reference
    I2s1Rx_IrqHandler                         - Undefined Weak Reference
    I2s1Tx_IrqHandler                         - Undefined Weak Reference
    I2s2Err_IrqHandler                        - Undefined Weak Reference
    I2s2Rx_IrqHandler                         - Undefined Weak Reference
    I2s2Tx_IrqHandler                         - Undefined Weak Reference
    I2s3Err_IrqHandler                        - Undefined Weak Reference
    I2s3Rx_IrqHandler                         - Undefined Weak Reference
    I2s3Tx_IrqHandler                         - Undefined Weak Reference
    I2s4Err_IrqHandler                        - Undefined Weak Reference
    I2s4Rx_IrqHandler                         - Undefined Weak Reference
    I2s4Tx_IrqHandler                         - Undefined Weak Reference
    Lvd1_IrqHandler                           - Undefined Weak Reference
    Lvd2_IrqHandler                           - Undefined Weak Reference
    MainOscStop_IrqHandler                    - Undefined Weak Reference
    MemManage_IrqHandler                      - Undefined Weak Reference
    PendSV_IrqHandler                         - Undefined Weak Reference
    QspiInt_IrqHandler                        - Undefined Weak Reference
    SVC_IrqHandler                            - Undefined Weak Reference
    Sdio1_IrqHandler                          - Undefined Weak Reference
    Sdio2_IrqHandler                          - Undefined Weak Reference
    Spi1Err_IrqHandler                        - Undefined Weak Reference
    Spi1Idle_IrqHandler                       - Undefined Weak Reference
    Spi1RxEnd_IrqHandler                      - Undefined Weak Reference
    Spi1TxEmpty_IrqHandler                    - Undefined Weak Reference
    Spi2Err_IrqHandler                        - Undefined Weak Reference
    Spi2Idle_IrqHandler                       - Undefined Weak Reference
    Spi2RxEnd_IrqHandler                      - Undefined Weak Reference
    Spi2TxEmpty_IrqHandler                    - Undefined Weak Reference
    Spi3Err_IrqHandler                        - Undefined Weak Reference
    Spi3Idle_IrqHandler                       - Undefined Weak Reference
    Spi3RxEnd_IrqHandler                      - Undefined Weak Reference
    Spi3TxEmpty_IrqHandler                    - Undefined Weak Reference
    Spi4Err_IrqHandler                        - Undefined Weak Reference
    Spi4Idle_IrqHandler                       - Undefined Weak Reference
    Spi4RxEnd_IrqHandler                      - Undefined Weak Reference
    Spi4TxEmpty_IrqHandler                    - Undefined Weak Reference
    Swdt_IrqHandler                           - Undefined Weak Reference
    SysTick_IrqHandler                        - Undefined Weak Reference
    Timer01GCMA_IrqHandler                    - Undefined Weak Reference
    Timer01GCMB_IrqHandler                    - Undefined Weak Reference
    Timer02GCMA_IrqHandler                    - Undefined Weak Reference
    Timer02GCMB_IrqHandler                    - Undefined Weak Reference
    Timer41GCMUH_IrqHandler                   - Undefined Weak Reference
    Timer41GCMUL_IrqHandler                   - Undefined Weak Reference
    Timer41GCMVH_IrqHandler                   - Undefined Weak Reference
    Timer41GCMVL_IrqHandler                   - Undefined Weak Reference
    Timer41GCMWH_IrqHandler                   - Undefined Weak Reference
    Timer41GCMWL_IrqHandler                   - Undefined Weak Reference
    Timer41GOV_IrqHandler                     - Undefined Weak Reference
    Timer41GUD_IrqHandler                     - Undefined Weak Reference
    Timer41ReloadU_IrqHandler                 - Undefined Weak Reference
    Timer41ReloadV_IrqHandler                 - Undefined Weak Reference
    Timer41ReloadW_IrqHandler                 - Undefined Weak Reference
    Timer42GCMVH_IrqHandler                   - Undefined Weak Reference
    Timer42GCMVL_IrqHandler                   - Undefined Weak Reference
    Timer42GCMWH_IrqHandler                   - Undefined Weak Reference
    Timer42GCMWL_IrqHandler                   - Undefined Weak Reference
    Timer42GOV_IrqHandler                     - Undefined Weak Reference
    Timer42GUD_IrqHandler                     - Undefined Weak Reference
    Timer42ReloadU_IrqHandler                 - Undefined Weak Reference
    Timer42ReloadV_IrqHandler                 - Undefined Weak Reference
    Timer42ReloadW_IrqHandler                 - Undefined Weak Reference
    Timer43GCMUH_IrqHandler                   - Undefined Weak Reference
    Timer43GCMUL_IrqHandler                   - Undefined Weak Reference
    Timer43GCMVH_IrqHandler                   - Undefined Weak Reference
    Timer43GCMVL_IrqHandler                   - Undefined Weak Reference
    Timer43GCMWH_IrqHandler                   - Undefined Weak Reference
    Timer43GCMWL_IrqHandler                   - Undefined Weak Reference
    Timer43GOV_IrqHandler                     - Undefined Weak Reference
    Timer43GUD_IrqHandler                     - Undefined Weak Reference
    Timer43ReloadV_IrqHandler                 - Undefined Weak Reference
    Timer43ReloadW_IrqHandler                 - Undefined Weak Reference
    Timer61GCMA_IrqHandler                    - Undefined Weak Reference
    Timer61GCMB_IrqHandler                    - Undefined Weak Reference
    Timer61GCMC_IrqHandler                    - Undefined Weak Reference
    Timer61GCMD_IrqHandler                    - Undefined Weak Reference
    Timer61GCME_IrqHandler                    - Undefined Weak Reference
    Timer61GCMF_IrqHandler                    - Undefined Weak Reference
    Timer61GDT_IrqHandler                     - Undefined Weak Reference
    Timer61GOV_IrqHandler                     - Undefined Weak Reference
    Timer61GUD_IrqHandler                     - Undefined Weak Reference
    Timer61SCMA_IrqHandler                    - Undefined Weak Reference
    Timer61SCMB_IrqHandler                    - Undefined Weak Reference
    Timer62GCMA_IrqHandler                    - Undefined Weak Reference
    Timer62GCMB_IrqHandler                    - Undefined Weak Reference
    Timer62GCMC_IrqHandler                    - Undefined Weak Reference
    Timer62GCMD_IrqHandler                    - Undefined Weak Reference
    Timer62GCME_IrqHandler                    - Undefined Weak Reference
    Timer62GCMF_IrqHandler                    - Undefined Weak Reference
    Timer62GDT_IrqHandler                     - Undefined Weak Reference
    Timer62GOV_IrqHandler                     - Undefined Weak Reference
    Timer62GUD_IrqHandler                     - Undefined Weak Reference
    Timer62SCMA_IrqHandler                    - Undefined Weak Reference
    Timer62SCMB_IrqHandler                    - Undefined Weak Reference
    Timer63GCMA_IrqHandler                    - Undefined Weak Reference
    Timer63GCMB_IrqHandler                    - Undefined Weak Reference
    Timer63GCMC_IrqHandler                    - Undefined Weak Reference
    Timer63GCMD_IrqHandler                    - Undefined Weak Reference
    Timer63GCME_IrqHandler                    - Undefined Weak Reference
    Timer63GCMF_IrqHandler                    - Undefined Weak Reference
    Timer63GDT_IrqHandler                     - Undefined Weak Reference
    Timer63GOV_IrqHandler                     - Undefined Weak Reference
    Timer63GUD_IrqHandler                     - Undefined Weak Reference
    Timer63SCMA_IrqHandler                    - Undefined Weak Reference
    Timer63SCMB_IrqHandler                    - Undefined Weak Reference
    TimerA1CMP_IrqHandler                     - Undefined Weak Reference
    TimerA1OV_IrqHandler                      - Undefined Weak Reference
    TimerA1UD_IrqHandler                      - Undefined Weak Reference
    TimerA2CMP_IrqHandler                     - Undefined Weak Reference
    TimerA2OV_IrqHandler                      - Undefined Weak Reference
    TimerA2UD_IrqHandler                      - Undefined Weak Reference
    TimerA3CMP_IrqHandler                     - Undefined Weak Reference
    TimerA3OV_IrqHandler                      - Undefined Weak Reference
    TimerA3UD_IrqHandler                      - Undefined Weak Reference
    TimerA4CMP_IrqHandler                     - Undefined Weak Reference
    TimerA4OV_IrqHandler                      - Undefined Weak Reference
    TimerA4UD_IrqHandler                      - Undefined Weak Reference
    TimerA5CMP_IrqHandler                     - Undefined Weak Reference
    TimerA5OV_IrqHandler                      - Undefined Weak Reference
    TimerA5UD_IrqHandler                      - Undefined Weak Reference
    TimerA6CMP_IrqHandler                     - Undefined Weak Reference
    TimerA6OV_IrqHandler                      - Undefined Weak Reference
    TimerA6UD_IrqHandler                      - Undefined Weak Reference
    UsageFault_IrqHandler                     - Undefined Weak Reference
    Usart1RxEnd_IrqHandler                    - Undefined Weak Reference
    Usart1RxErr_IrqHandler                    - Undefined Weak Reference
    Usart1RxTO_IrqHandler                     - Undefined Weak Reference
    Usart1TxEmpty_IrqHandler                  - Undefined Weak Reference
    Usart1TxEnd_IrqHandler                    - Undefined Weak Reference
    Usart2RxEnd_IrqHandler                    - Undefined Weak Reference
    Usart2RxErr_IrqHandler                    - Undefined Weak Reference
    Usart2RxTO_IrqHandler                     - Undefined Weak Reference
    Usart2TxEmpty_IrqHandler                  - Undefined Weak Reference
    Usart2TxEnd_IrqHandler                    - Undefined Weak Reference
    Usart3RxEnd_IrqHandler                    - Undefined Weak Reference
    Usart3RxErr_IrqHandler                    - Undefined Weak Reference
    Usart3RxTO_IrqHandler                     - Undefined Weak Reference
    Usart3TxEmpty_IrqHandler                  - Undefined Weak Reference
    Usart3TxEnd_IrqHandler                    - Undefined Weak Reference
    Usart4RxEnd_IrqHandler                    - Undefined Weak Reference
    Usart4RxErr_IrqHandler                    - Undefined Weak Reference
    Usart4RxTO_IrqHandler                     - Undefined Weak Reference
    Usart4TxEmpty_IrqHandler                  - Undefined Weak Reference
    Usart4TxEnd_IrqHandler                    - Undefined Weak Reference
    UsbGlobal_IrqHandler                      - Undefined Weak Reference
    WakeupTimer_IrqHandler                    - Undefined Weak Reference
    Wdt_IrqHandler                            - Undefined Weak Reference
    __cpp_initialize__aeabi_                  - Undefined Weak Reference
    __cxa_finalize                            - Undefined Weak Reference
    __decompress                              - Undefined Weak Reference
    _clock_init                               - Undefined Weak Reference
    _microlib_exit                            - Undefined Weak Reference
    __Vectors_End                            0x00000280   Data           0  startup_hc32f46x.o(RESET)
    __Vectors_Size                           0x00000280   Number         0  startup_hc32f46x.o ABSOLUTE
    __main                                   0x00000281   Thumb Code     0  entry.o(.ARM.Collect$$$$00000000)
    _main_stk                                0x00000281   Thumb Code     0  entry2.o(.ARM.Collect$$$$00000001)
    _main_scatterload                        0x00000285   Thumb Code     0  entry5.o(.ARM.Collect$$$$00000004)
    __main_after_scatterload                 0x00000289   Thumb Code     0  entry5.o(.ARM.Collect$$$$00000004)
    _main_clock                              0x00000289   Thumb Code     0  entry7b.o(.ARM.Collect$$$$00000008)
    _main_cpp_init                           0x00000289   Thumb Code     0  entry8b.o(.ARM.Collect$$$$0000000A)
    _main_init                               0x00000289   Thumb Code     0  entry9a.o(.ARM.Collect$$$$0000000B)
    __rt_final_cpp                           0x00000291   Thumb Code     0  entry10a.o(.ARM.Collect$$$$0000000D)
    __rt_final_exit                          0x00000291   Thumb Code     0  entry11a.o(.ARM.Collect$$$$0000000F)
    Reset_Handler                            0x00000295   Thumb Code    48  startup_hc32f46x.o(.text)
    IRQ133_Handler                           0x000002d7   Thumb Code     0  startup_hc32f46x.o(.text)
    IRQ134_Handler                           0x000002d7   Thumb Code     0  startup_hc32f46x.o(.text)
    IRQ135_Handler                           0x000002d7   Thumb Code     0  startup_hc32f46x.o(.text)
    __aeabi_uldivmod                         0x000002ed   Thumb Code    98  uldiv.o(.text)
    __aeabi_memset                           0x0000034f   Thumb Code    14  memseta.o(.text)
    __aeabi_memset4                          0x0000034f   Thumb Code     0  memseta.o(.text)
    __aeabi_memset8                          0x0000034f   Thumb Code     0  memseta.o(.text)
    __aeabi_memclr                           0x0000035d   Thumb Code     4  memseta.o(.text)
    __aeabi_memclr4                          0x0000035d   Thumb Code     0  memseta.o(.text)
    __aeabi_memclr8                          0x0000035d   Thumb Code     0  memseta.o(.text)
    _memset$wrapper                          0x00000361   Thumb Code    18  memseta.o(.text)
    __aeabi_fmul                             0x00000373   Thumb Code   100  fmul.o(.text)
    __aeabi_ui2f                             0x000003d7   Thumb Code    10  ffltui.o(.text)
    __aeabi_cfcmpeq                          0x000003e1   Thumb Code     0  cfcmple.o(.text)
    __aeabi_cfcmple                          0x000003e1   Thumb Code    20  cfcmple.o(.text)
    BusFault_Handler                         0x000003f5   Thumb Code     8  hc32f46x_interrupts.o(i.BusFault_Handler)
    __I$use$fp                               0x000003f5   Thumb Code     0  iusefp.o(.text)
    __scatterload_null                       0x000003fd   Thumb Code     2  handlers.o(i.__scatterload_null)
    u32ICG                                   0x00000400   Data          32  hc32f46x_icg.o(.ARM.__AT_0x00000400)
    __aeabi_fadd                             0x00000421   Thumb Code   164  fadd.o(.text)
    __aeabi_fsub                             0x000004c5   Thumb Code     6  fadd.o(.text)
    __aeabi_frsub                            0x000004cb   Thumb Code     6  fadd.o(.text)
    __aeabi_fdiv                             0x000004d1   Thumb Code   124  fdiv.o(.text)
    __aeabi_f2uiz                            0x0000054d   Thumb Code    40  ffixui.o(.text)
    __aeabi_cfrcmple                         0x00000575   Thumb Code    20  cfrcmple.o(.text)
    __aeabi_llsl                             0x00000589   Thumb Code    30  llshl.o(.text)
    _ll_shift_l                              0x00000589   Thumb Code     0  llshl.o(.text)
    __aeabi_llsr                             0x000005a7   Thumb Code    32  llushr.o(.text)
    _ll_ushift_r                             0x000005a7   Thumb Code     0  llushr.o(.text)
    _float_round                             0x000005c7   Thumb Code    18  fepilogue.o(.text)
    _float_epilogue                          0x000005d9   Thumb Code    92  fepilogue.o(.text)
    __scatterload                            0x00000635   Thumb Code    28  init.o(.text)
    __scatterload_rt2                        0x00000635   Thumb Code     0  init.o(.text)
    Apply                                    0x00000659   Thumb Code    54  apply.o(i.Apply)
    CLK_GetClockFreq                         0x00000705   Thumb Code   282  hc32f46x_clk.o(i.CLK_GetClockFreq)
    CLK_GetFlagStatus                        0x0000082d   Thumb Code   114  hc32f46x_clk.o(i.CLK_GetFlagStatus)
    CLK_HrcCmd                               0x000008a5   Thumb Code   178  hc32f46x_clk.o(i.CLK_HrcCmd)
    CLK_MpllCmd                              0x00000965   Thumb Code   134  hc32f46x_clk.o(i.CLK_MpllCmd)
    CLK_MpllConfig                           0x000009f5   Thumb Code   132  hc32f46x_clk.o(i.CLK_MpllConfig)
    CLK_SetPllSource                         0x00000a85   Thumb Code    54  hc32f46x_clk.o(i.CLK_SetPllSource)
    CLK_SetSysClkSource                      0x00000ac5   Thumb Code   196  hc32f46x_clk.o(i.CLK_SetSysClkSource)
    CLK_SysClkConfig                         0x00000b99   Thumb Code   216  hc32f46x_clk.o(i.CLK_SysClkConfig)
    DebugMon_Handler                         0x00000c81   Thumb Code     8  hc32f46x_interrupts.o(i.DebugMon_Handler)
    EFM_InstructionCacheCmd                  0x00000c89   Thumb Code    14  hc32f46x_efm.o(i.EFM_InstructionCacheCmd)
    EFM_Lock                                 0x00000c9d   Thumb Code    20  hc32f46x_efm.o(i.EFM_Lock)
    EFM_SetLatency                           0x00000cb5   Thumb Code    14  hc32f46x_efm.o(i.EFM_SetLatency)
    EFM_Unlock                               0x00000cc9   Thumb Code    16  hc32f46x_efm.o(i.EFM_Unlock)
    GPIOInit                                 0x00000cdd   Thumb Code    70  init.o(i.GPIOInit)
    HardFault_Handler                        0x00000d23   Thumb Code     8  hc32f46x_interrupts.o(i.HardFault_Handler)
    IRQ000_Handler                           0x00000d2d   Thumb Code    16  hc32f46x_interrupts.o(i.IRQ000_Handler)
    IRQ001_Handler                           0x00000d41   Thumb Code    16  hc32f46x_interrupts.o(i.IRQ001_Handler)
    IRQ002_Handler                           0x00000d55   Thumb Code    16  hc32f46x_interrupts.o(i.IRQ002_Handler)
    IRQ003_Handler                           0x00000d69   Thumb Code    16  hc32f46x_interrupts.o(i.IRQ003_Handler)
    IRQ004_Handler                           0x00000d7d   Thumb Code    16  hc32f46x_interrupts.o(i.IRQ004_Handler)
    IRQ005_Handler                           0x00000d91   Thumb Code    16  hc32f46x_interrupts.o(i.IRQ005_Handler)
    IRQ006_Handler                           0x00000da5   Thumb Code    16  hc32f46x_interrupts.o(i.IRQ006_Handler)
    IRQ007_Handler                           0x00000db9   Thumb Code    16  hc32f46x_interrupts.o(i.IRQ007_Handler)
    IRQ008_Handler                           0x00000dcd   Thumb Code    16  hc32f46x_interrupts.o(i.IRQ008_Handler)
    IRQ009_Handler                           0x00000de1   Thumb Code    16  hc32f46x_interrupts.o(i.IRQ009_Handler)
    IRQ010_Handler                           0x00000df5   Thumb Code    16  hc32f46x_interrupts.o(i.IRQ010_Handler)
    IRQ011_Handler                           0x00000e09   Thumb Code    16  hc32f46x_interrupts.o(i.IRQ011_Handler)
    IRQ012_Handler                           0x00000e1d   Thumb Code    16  hc32f46x_interrupts.o(i.IRQ012_Handler)
    IRQ013_Handler                           0x00000e31   Thumb Code    16  hc32f46x_interrupts.o(i.IRQ013_Handler)
    IRQ014_Handler                           0x00000e45   Thumb Code    16  hc32f46x_interrupts.o(i.IRQ014_Handler)
    IRQ015_Handler                           0x00000e59   Thumb Code    16  hc32f46x_interrupts.o(i.IRQ015_Handler)
    IRQ016_Handler                           0x00000e6d   Thumb Code    16  hc32f46x_interrupts.o(i.IRQ016_Handler)
    IRQ017_Handler                           0x00000e81   Thumb Code    16  hc32f46x_interrupts.o(i.IRQ017_Handler)
    IRQ018_Handler                           0x00000e95   Thumb Code    16  hc32f46x_interrupts.o(i.IRQ018_Handler)
    IRQ019_Handler                           0x00000ea9   Thumb Code    16  hc32f46x_interrupts.o(i.IRQ019_Handler)
    IRQ020_Handler                           0x00000ebd   Thumb Code    16  hc32f46x_interrupts.o(i.IRQ020_Handler)
    IRQ021_Handler                           0x00000ed1   Thumb Code    16  hc32f46x_interrupts.o(i.IRQ021_Handler)
    IRQ022_Handler                           0x00000ee5   Thumb Code    16  hc32f46x_interrupts.o(i.IRQ022_Handler)
    IRQ023_Handler                           0x00000ef9   Thumb Code    16  hc32f46x_interrupts.o(i.IRQ023_Handler)
    IRQ024_Handler                           0x00000f0d   Thumb Code    16  hc32f46x_interrupts.o(i.IRQ024_Handler)
    IRQ025_Handler                           0x00000f21   Thumb Code    16  hc32f46x_interrupts.o(i.IRQ025_Handler)
    IRQ026_Handler                           0x00000f35   Thumb Code    16  hc32f46x_interrupts.o(i.IRQ026_Handler)
    IRQ027_Handler                           0x00000f49   Thumb Code    16  hc32f46x_interrupts.o(i.IRQ027_Handler)
    IRQ028_Handler                           0x00000f5d   Thumb Code    16  hc32f46x_interrupts.o(i.IRQ028_Handler)
    IRQ029_Handler                           0x00000f71   Thumb Code    16  hc32f46x_interrupts.o(i.IRQ029_Handler)
    IRQ030_Handler                           0x00000f85   Thumb Code    16  hc32f46x_interrupts.o(i.IRQ030_Handler)
    IRQ031_Handler                           0x00000f99   Thumb Code    16  hc32f46x_interrupts.o(i.IRQ031_Handler)
    IRQ032_Handler                           0x00000fad   Thumb Code    20  hc32f46x_interrupts.o(i.IRQ032_Handler)
    IRQ033_Handler                           0x00000fc5   Thumb Code    20  hc32f46x_interrupts.o(i.IRQ033_Handler)
    IRQ034_Handler                           0x00000fdd   Thumb Code    20  hc32f46x_interrupts.o(i.IRQ034_Handler)
    IRQ035_Handler                           0x00000ff5   Thumb Code    20  hc32f46x_interrupts.o(i.IRQ035_Handler)
    IRQ036_Handler                           0x0000100d   Thumb Code    20  hc32f46x_interrupts.o(i.IRQ036_Handler)
    IRQ037_Handler                           0x00001025   Thumb Code    20  hc32f46x_interrupts.o(i.IRQ037_Handler)
    IRQ038_Handler                           0x0000103d   Thumb Code    20  hc32f46x_interrupts.o(i.IRQ038_Handler)
    IRQ039_Handler                           0x00001055   Thumb Code    20  hc32f46x_interrupts.o(i.IRQ039_Handler)
    IRQ040_Handler                           0x0000106d   Thumb Code    20  hc32f46x_interrupts.o(i.IRQ040_Handler)
    IRQ041_Handler                           0x00001085   Thumb Code    20  hc32f46x_interrupts.o(i.IRQ041_Handler)
    IRQ042_Handler                           0x0000109d   Thumb Code    20  hc32f46x_interrupts.o(i.IRQ042_Handler)
    IRQ043_Handler                           0x000010b5   Thumb Code    20  hc32f46x_interrupts.o(i.IRQ043_Handler)
    IRQ044_Handler                           0x000010cd   Thumb Code    20  hc32f46x_interrupts.o(i.IRQ044_Handler)
    IRQ045_Handler                           0x000010e5   Thumb Code    20  hc32f46x_interrupts.o(i.IRQ045_Handler)
    IRQ046_Handler                           0x000010fd   Thumb Code    20  hc32f46x_interrupts.o(i.IRQ046_Handler)
    IRQ047_Handler                           0x00001115   Thumb Code    20  hc32f46x_interrupts.o(i.IRQ047_Handler)
    IRQ048_Handler                           0x0000112d   Thumb Code    20  hc32f46x_interrupts.o(i.IRQ048_Handler)
    IRQ049_Handler                           0x00001145   Thumb Code    20  hc32f46x_interrupts.o(i.IRQ049_Handler)
    IRQ050_Handler                           0x0000115d   Thumb Code    20  hc32f46x_interrupts.o(i.IRQ050_Handler)
    IRQ051_Handler                           0x00001175   Thumb Code    20  hc32f46x_interrupts.o(i.IRQ051_Handler)
    IRQ052_Handler                           0x0000118d   Thumb Code    20  hc32f46x_interrupts.o(i.IRQ052_Handler)
    IRQ053_Handler                           0x000011a5   Thumb Code    20  hc32f46x_interrupts.o(i.IRQ053_Handler)
    IRQ054_Handler                           0x000011bd   Thumb Code    20  hc32f46x_interrupts.o(i.IRQ054_Handler)
    IRQ055_Handler                           0x000011d5   Thumb Code    20  hc32f46x_interrupts.o(i.IRQ055_Handler)
    IRQ056_Handler                           0x000011ed   Thumb Code    20  hc32f46x_interrupts.o(i.IRQ056_Handler)
    IRQ057_Handler                           0x00001205   Thumb Code    20  hc32f46x_interrupts.o(i.IRQ057_Handler)
    IRQ058_Handler                           0x0000121d   Thumb Code    20  hc32f46x_interrupts.o(i.IRQ058_Handler)
    IRQ059_Handler                           0x00001235   Thumb Code    20  hc32f46x_interrupts.o(i.IRQ059_Handler)
    IRQ060_Handler                           0x0000124d   Thumb Code    20  hc32f46x_interrupts.o(i.IRQ060_Handler)
    IRQ061_Handler                           0x00001265   Thumb Code    20  hc32f46x_interrupts.o(i.IRQ061_Handler)
    IRQ062_Handler                           0x0000127d   Thumb Code    20  hc32f46x_interrupts.o(i.IRQ062_Handler)
    IRQ063_Handler                           0x00001295   Thumb Code    20  hc32f46x_interrupts.o(i.IRQ063_Handler)
    IRQ064_Handler                           0x000012ad   Thumb Code    20  hc32f46x_interrupts.o(i.IRQ064_Handler)
    IRQ065_Handler                           0x000012c5   Thumb Code    20  hc32f46x_interrupts.o(i.IRQ065_Handler)
    IRQ066_Handler                           0x000012dd   Thumb Code    20  hc32f46x_interrupts.o(i.IRQ066_Handler)
    IRQ067_Handler                           0x000012f5   Thumb Code    20  hc32f46x_interrupts.o(i.IRQ067_Handler)
    IRQ068_Handler                           0x0000130d   Thumb Code    20  hc32f46x_interrupts.o(i.IRQ068_Handler)
    IRQ069_Handler                           0x00001325   Thumb Code    20  hc32f46x_interrupts.o(i.IRQ069_Handler)
    IRQ070_Handler                           0x0000133d   Thumb Code    20  hc32f46x_interrupts.o(i.IRQ070_Handler)
    IRQ071_Handler                           0x00001355   Thumb Code    20  hc32f46x_interrupts.o(i.IRQ071_Handler)
    IRQ072_Handler                           0x0000136d   Thumb Code    20  hc32f46x_interrupts.o(i.IRQ072_Handler)
    IRQ073_Handler                           0x00001385   Thumb Code    20  hc32f46x_interrupts.o(i.IRQ073_Handler)
    IRQ074_Handler                           0x0000139d   Thumb Code    20  hc32f46x_interrupts.o(i.IRQ074_Handler)
    IRQ075_Handler                           0x000013b5   Thumb Code    20  hc32f46x_interrupts.o(i.IRQ075_Handler)
    IRQ076_Handler                           0x000013cd   Thumb Code    20  hc32f46x_interrupts.o(i.IRQ076_Handler)
    IRQ077_Handler                           0x000013e5   Thumb Code    20  hc32f46x_interrupts.o(i.IRQ077_Handler)
    IRQ078_Handler                           0x000013fd   Thumb Code    20  hc32f46x_interrupts.o(i.IRQ078_Handler)
    IRQ079_Handler                           0x00001415   Thumb Code    20  hc32f46x_interrupts.o(i.IRQ079_Handler)
    IRQ080_Handler                           0x0000142d   Thumb Code    20  hc32f46x_interrupts.o(i.IRQ080_Handler)
    IRQ081_Handler                           0x00001445   Thumb Code    20  hc32f46x_interrupts.o(i.IRQ081_Handler)
    IRQ082_Handler                           0x0000145d   Thumb Code    20  hc32f46x_interrupts.o(i.IRQ082_Handler)
    IRQ083_Handler                           0x00001475   Thumb Code    20  hc32f46x_interrupts.o(i.IRQ083_Handler)
    IRQ084_Handler                           0x0000148d   Thumb Code    20  hc32f46x_interrupts.o(i.IRQ084_Handler)
    IRQ085_Handler                           0x000014a5   Thumb Code    20  hc32f46x_interrupts.o(i.IRQ085_Handler)
    IRQ086_Handler                           0x000014bd   Thumb Code    20  hc32f46x_interrupts.o(i.IRQ086_Handler)
    IRQ087_Handler                           0x000014d5   Thumb Code    20  hc32f46x_interrupts.o(i.IRQ087_Handler)
    IRQ088_Handler                           0x000014ed   Thumb Code    20  hc32f46x_interrupts.o(i.IRQ088_Handler)
    IRQ089_Handler                           0x00001505   Thumb Code    20  hc32f46x_interrupts.o(i.IRQ089_Handler)
    IRQ090_Handler                           0x0000151d   Thumb Code    20  hc32f46x_interrupts.o(i.IRQ090_Handler)
    IRQ091_Handler                           0x00001535   Thumb Code    20  hc32f46x_interrupts.o(i.IRQ091_Handler)
    IRQ092_Handler                           0x0000154d   Thumb Code    20  hc32f46x_interrupts.o(i.IRQ092_Handler)
    IRQ093_Handler                           0x00001565   Thumb Code    20  hc32f46x_interrupts.o(i.IRQ093_Handler)
    IRQ094_Handler                           0x0000157d   Thumb Code    20  hc32f46x_interrupts.o(i.IRQ094_Handler)
    IRQ095_Handler                           0x00001595   Thumb Code    20  hc32f46x_interrupts.o(i.IRQ095_Handler)
    IRQ096_Handler                           0x000015ad   Thumb Code    20  hc32f46x_interrupts.o(i.IRQ096_Handler)
    IRQ097_Handler                           0x000015c5   Thumb Code    20  hc32f46x_interrupts.o(i.IRQ097_Handler)
    IRQ098_Handler                           0x000015dd   Thumb Code    20  hc32f46x_interrupts.o(i.IRQ098_Handler)
    IRQ099_Handler                           0x000015f5   Thumb Code    20  hc32f46x_interrupts.o(i.IRQ099_Handler)
    IRQ100_Handler                           0x0000160d   Thumb Code    20  hc32f46x_interrupts.o(i.IRQ100_Handler)
    IRQ101_Handler                           0x00001625   Thumb Code    20  hc32f46x_interrupts.o(i.IRQ101_Handler)
    IRQ102_Handler                           0x0000163d   Thumb Code    20  hc32f46x_interrupts.o(i.IRQ102_Handler)
    IRQ103_Handler                           0x00001655   Thumb Code    20  hc32f46x_interrupts.o(i.IRQ103_Handler)
    IRQ104_Handler                           0x0000166d   Thumb Code    20  hc32f46x_interrupts.o(i.IRQ104_Handler)
    IRQ105_Handler                           0x00001685   Thumb Code    20  hc32f46x_interrupts.o(i.IRQ105_Handler)
    IRQ106_Handler                           0x0000169d   Thumb Code    20  hc32f46x_interrupts.o(i.IRQ106_Handler)
    IRQ107_Handler                           0x000016b5   Thumb Code    20  hc32f46x_interrupts.o(i.IRQ107_Handler)
    IRQ108_Handler                           0x000016cd   Thumb Code    20  hc32f46x_interrupts.o(i.IRQ108_Handler)
    IRQ109_Handler                           0x000016e5   Thumb Code    20  hc32f46x_interrupts.o(i.IRQ109_Handler)
    IRQ110_Handler                           0x000016fd   Thumb Code    20  hc32f46x_interrupts.o(i.IRQ110_Handler)
    IRQ111_Handler                           0x00001715   Thumb Code    20  hc32f46x_interrupts.o(i.IRQ111_Handler)
    IRQ112_Handler                           0x0000172d   Thumb Code    20  hc32f46x_interrupts.o(i.IRQ112_Handler)
    IRQ113_Handler                           0x00001745   Thumb Code    20  hc32f46x_interrupts.o(i.IRQ113_Handler)
    IRQ114_Handler                           0x0000175d   Thumb Code    20  hc32f46x_interrupts.o(i.IRQ114_Handler)
    IRQ115_Handler                           0x00001775   Thumb Code    20  hc32f46x_interrupts.o(i.IRQ115_Handler)
    IRQ116_Handler                           0x0000178d   Thumb Code    20  hc32f46x_interrupts.o(i.IRQ116_Handler)
    IRQ117_Handler                           0x000017a5   Thumb Code    20  hc32f46x_interrupts.o(i.IRQ117_Handler)
    IRQ118_Handler                           0x000017bd   Thumb Code    20  hc32f46x_interrupts.o(i.IRQ118_Handler)
    IRQ119_Handler                           0x000017d5   Thumb Code    20  hc32f46x_interrupts.o(i.IRQ119_Handler)
    IRQ120_Handler                           0x000017ed   Thumb Code    20  hc32f46x_interrupts.o(i.IRQ120_Handler)
    IRQ121_Handler                           0x00001805   Thumb Code    20  hc32f46x_interrupts.o(i.IRQ121_Handler)
    IRQ122_Handler                           0x0000181d   Thumb Code    20  hc32f46x_interrupts.o(i.IRQ122_Handler)
    IRQ123_Handler                           0x00001835   Thumb Code    20  hc32f46x_interrupts.o(i.IRQ123_Handler)
    IRQ124_Handler                           0x0000184d   Thumb Code    20  hc32f46x_interrupts.o(i.IRQ124_Handler)
    IRQ125_Handler                           0x00001865   Thumb Code    20  hc32f46x_interrupts.o(i.IRQ125_Handler)
    IRQ126_Handler                           0x0000187d   Thumb Code    20  hc32f46x_interrupts.o(i.IRQ126_Handler)
    IRQ127_Handler                           0x00001895   Thumb Code    20  hc32f46x_interrupts.o(i.IRQ127_Handler)
    IRQ128_Handler                           0x000018ad   Thumb Code   326  hc32f46x_interrupts.o(i.IRQ128_Handler)
    IRQ129_Handler                           0x000019fd   Thumb Code  1126  hc32f46x_interrupts.o(i.IRQ129_Handler)
    IRQ130_Handler                           0x00001e65   Thumb Code   190  hc32f46x_interrupts.o(i.IRQ130_Handler)
    IRQ131_Handler                           0x00001f41   Thumb Code   684  hc32f46x_interrupts.o(i.IRQ131_Handler)
    IRQ132_Handler                           0x00002209   Thumb Code   350  hc32f46x_interrupts.o(i.IRQ132_Handler)
    IRQ136_Handler                           0x00002379   Thumb Code   750  hc32f46x_interrupts.o(i.IRQ136_Handler)
    IRQ137_Handler                           0x00002699   Thumb Code   620  hc32f46x_interrupts.o(i.IRQ137_Handler)
    IRQ138_Handler                           0x00002921   Thumb Code   558  hc32f46x_interrupts.o(i.IRQ138_Handler)
    IRQ139_Handler                           0x00002b5d   Thumb Code   286  hc32f46x_interrupts.o(i.IRQ139_Handler)
    IRQ140_Handler                           0x00002c85   Thumb Code   490  hc32f46x_interrupts.o(i.IRQ140_Handler)
    IRQ141_Handler                           0x00002e99   Thumb Code   542  hc32f46x_interrupts.o(i.IRQ141_Handler)
    IRQ142_Handler                           0x000030f5   Thumb Code   242  hc32f46x_interrupts.o(i.IRQ142_Handler)
    IRQ143_Handler                           0x00003209   Thumb Code   256  hc32f46x_interrupts.o(i.IRQ143_Handler)
    MemManage_Handler                        0x00003319   Thumb Code     8  hc32f46x_interrupts.o(i.MemManage_Handler)
    NMI_Handler                              0x00003321   Thumb Code     8  hc32f46x_interrupts.o(i.NMI_Handler)
    PORT_Init                                0x00003381   Thumb Code   206  hc32f46x_gpio.o(i.PORT_Init)
    PORT_Lock                                0x00003455   Thumb Code    10  hc32f46x_gpio.o(i.PORT_Lock)
    PORT_ResetBits                           0x00003465   Thumb Code    22  hc32f46x_gpio.o(i.PORT_ResetBits)
    PORT_SetBits                             0x00003481   Thumb Code    22  hc32f46x_gpio.o(i.PORT_SetBits)
    PORT_SetFunc                             0x0000349d   Thumb Code    84  hc32f46x_gpio.o(i.PORT_SetFunc)
    PORT_Unlock                              0x000034f5   Thumb Code    10  hc32f46x_gpio.o(i.PORT_Unlock)
    PWC_Fcg1PeriphClockCmd                   0x00003505   Thumb Code    28  hc32f46x_pwc.o(i.PWC_Fcg1PeriphClockCmd)
    PWC_Fcg2PeriphClockCmd                   0x00003525   Thumb Code    28  hc32f46x_pwc.o(i.PWC_Fcg2PeriphClockCmd)
    PendSV_Handler                           0x00003545   Thumb Code     8  hc32f46x_interrupts.o(i.PendSV_Handler)
    SVC_Handler                              0x0000354d   Thumb Code     8  hc32f46x_interrupts.o(i.SVC_Handler)
    SysTick_Handler                          0x00003951   Thumb Code     8  hc32f46x_interrupts.o(i.SysTick_Handler)
    SystemClockInit                          0x00003959   Thumb Code   230  init.o(i.SystemClockInit)
    SystemCoreClockUpdate                    0x00003a65   Thumb Code   178  system_hc32f46x.o(i.SystemCoreClockUpdate)
    SystemInit                               0x00003b29   Thumb Code     8  system_hc32f46x.o(i.SystemInit)
    TIMER0_BaseInit                          0x00003b31   Thumb Code  1524  hc32f46x_timer0.o(i.TIMER0_BaseInit)
    TIMER0_Cmd                               0x00004125   Thumb Code   134  hc32f46x_timer0.o(i.TIMER0_Cmd)
    TIMER0_IntCmd                            0x000041cd   Thumb Code   134  hc32f46x_timer0.o(i.TIMER0_IntCmd)
    Timer0B_CallBack                         0x00004255   Thumb Code    92  isr.o(i.Timer0B_CallBack)
    TimerInit                                0x000042c9   Thumb Code   150  init.o(i.TimerInit)
    UARTInit                                 0x0000436d   Thumb Code   308  init.o(i.UARTInit)
    USART_ClearStatus                        0x000044b9   Thumb Code   114  hc32f46x_usart.o(i.USART_ClearStatus)
    USART_FuncCmd                            0x0000453d   Thumb Code   562  hc32f46x_usart.o(i.USART_FuncCmd)
    USART_GetStatus                          0x00004781   Thumb Code    16  hc32f46x_usart.o(i.USART_GetStatus)
    USART_RecData                            0x00004791   Thumb Code    10  hc32f46x_usart.o(i.USART_RecData)
    USART_SendData                           0x0000479b   Thumb Code    14  hc32f46x_usart.o(i.USART_SendData)
    USART_SetBaudrate                        0x000047a9   Thumb Code    86  hc32f46x_usart.o(i.USART_SetBaudrate)
    USART_UART_Init                          0x00004811   Thumb Code   672  hc32f46x_usart.o(i.USART_UART_Init)
    UartDatePro                              0x00004ac1   Thumb Code    62  apply.o(i.UartDatePro)
    UartTimeout                              0x00004b15   Thumb Code    44  apply.o(i.UartTimeout)
    UsageFault_Handler                       0x00004b4d   Thumb Code     8  hc32f46x_interrupts.o(i.UsageFault_Handler)
    UsartErrIrqCallback                      0x00004b55   Thumb Code    64  isr.o(i.UsartErrIrqCallback)
    UsartRxIrqCallback                       0x00004bcd   Thumb Code    32  isr.o(i.UsartRxIrqCallback)
    UsartTxCmpltIrqCallback                  0x00004bf5   Thumb Code    24  isr.o(i.UsartTxCmpltIrqCallback)
    UsartTxIrqCallback                       0x00004c11   Thumb Code    34  isr.o(i.UsartTxIrqCallback)
    __scatterload_copy                       0x00004c3d   Thumb Code    14  handlers.o(i.__scatterload_copy)
    __scatterload_zeroinit                   0x00004c4b   Thumb Code    14  handlers.o(i.__scatterload_zeroinit)
    enIrqRegistration                        0x00004c59   Thumb Code   128  hc32f46x_interrupts.o(i.enIrqRegistration)
    led                                      0x00004ce1   Thumb Code   146  apply.o(i.led)
    main                                     0x00004d7d   Thumb Code    24  main.o(i.main)
    Region$$Table$$Base                      0x00004db0   Number         0  anon$$obj.o(Region$$Table)
    Region$$Table$$Limit                     0x00004dd0   Number         0  anon$$obj.o(Region$$Table)
    SystemCoreClock                          0x1fff8000   Data           4  system_hc32f46x.o(.data)
    temp                                     0x1fff8004   Data           2  apply.o(.data)
    temp1                                    0x1fff8006   Data           2  apply.o(.data)
    Txlen                                    0x1fff8008   Data           1  apply.o(.data)
    u32Pclk0                                 0x1fff800c   Data           4  init.o(.data)
    u32Pclk1                                 0x1fff8010   Data           4  init.o(.data)
    u32Pclk2                                 0x1fff8014   Data           4  init.o(.data)
    u32Pclk3                                 0x1fff8018   Data           4  init.o(.data)
    u32Pclk4                                 0x1fff801c   Data           4  init.o(.data)
    u32exck                                  0x1fff8020   Data           4  init.o(.data)
    u32hclk                                  0x1fff8024   Data           4  init.o(.data)
    u32sysclk                                0x1fff8028   Data           4  init.o(.data)
    ttt                                      0x1fff802c   Data           4  init.o(.data)
    time2mscnt                               0x1fff8030   Data           1  isr.o(.data)
    time5mscnt                               0x1fff8031   Data           1  isr.o(.data)
    time10mscnt                              0x1fff8032   Data           1  isr.o(.data)
    time2msflag                              0x1fff8033   Data           1  isr.o(.data)
    time5msflag                              0x1fff8034   Data           1  isr.o(.data)
    time10msflag                             0x1fff8035   Data           1  isr.o(.data)
    k                                        0x1fff8036   Data           1  isr.o(.data)
    UartRxFlag                               0x1fff8037   Data           1  isr.o(.data)
    UartRxTimeCnt                            0x1fff8038   Data           1  isr.o(.data)
    RxDateLen                                0x1fff8039   Data           1  isr.o(.data)
    RxDateIndex                              0x1fff803a   Data           1  isr.o(.data)
    TxDateLen                                0x1fff803b   Data           1  isr.o(.data)
    TxDateIndex                              0x1fff803c   Data           1  isr.o(.data)
    IrqHandler                               0x1fff8040   Data         512  hc32f46x_interrupts.o(.bss)
    stcClkTmp                                0x1fff8240   Data          32  init.o(.bss)
    RxDateBuf                                0x1fff8260   Data          64  isr.o(.bss)
    TxDateBuf                                0x1fff82a0   Data          64  isr.o(.bss)
    __initial_sp                             0x1fffb2e0   Data           0  startup_hc32f46x.o(STACK)



==============================================================================

Memory Map of the image

  Image Entry point : 0x00000281

  Load Region LR_IROM1 (Base: 0x00000000, Size: 0x00004e10, Max: 0x00080000, ABSOLUTE)

    Execution Region ER_IROM1 (Exec base: 0x00000000, Load base: 0x00000000, Size: 0x00004dd0, Max: 0x00080000, ABSOLUTE)

    Exec Addr    Load Addr    Size         Type   Attr      Idx    E Section Name        Object

    0x00000000   0x00000000   0x00000280   Data   RO            3    RESET               startup_hc32f46x.o
    0x00000280   0x00000280   0x00000000   Code   RO         3709  * .ARM.Collect$$$$00000000  mc_w.l(entry.o)
    0x00000280   0x00000280   0x00000004   Code   RO         3730    .ARM.Collect$$$$00000001  mc_w.l(entry2.o)
    0x00000284   0x00000284   0x00000004   Code   RO         3733    .ARM.Collect$$$$00000004  mc_w.l(entry5.o)
    0x00000288   0x00000288   0x00000000   Code   RO         3735    .ARM.Collect$$$$00000008  mc_w.l(entry7b.o)
    0x00000288   0x00000288   0x00000000   Code   RO         3737    .ARM.Collect$$$$0000000A  mc_w.l(entry8b.o)
    0x00000288   0x00000288   0x00000008   Code   RO         3738    .ARM.Collect$$$$0000000B  mc_w.l(entry9a.o)
    0x00000290   0x00000290   0x00000000   Code   RO         3740    .ARM.Collect$$$$0000000D  mc_w.l(entry10a.o)
    0x00000290   0x00000290   0x00000000   Code   RO         3742    .ARM.Collect$$$$0000000F  mc_w.l(entry11a.o)
    0x00000290   0x00000290   0x00000004   Code   RO         3731    .ARM.Collect$$$$00002712  mc_w.l(entry2.o)
    0x00000294   0x00000294   0x00000058   Code   RO            4    .text               startup_hc32f46x.o
    0x000002ec   0x000002ec   0x00000062   Code   RO         3712    .text               mc_w.l(uldiv.o)
    0x0000034e   0x0000034e   0x00000024   Code   RO         3714    .text               mc_w.l(memseta.o)
    0x00000372   0x00000372   0x00000064   Code   RO         3718    .text               mf_w.l(fmul.o)
    0x000003d6   0x000003d6   0x0000000a   Code   RO         3722    .text               mf_w.l(ffltui.o)
    0x000003e0   0x000003e0   0x00000014   Code   RO         3726    .text               mf_w.l(cfcmple.o)
    0x000003f4   0x000003f4   0x00000000   Code   RO         3748    .text               mc_w.l(iusefp.o)
    0x000003f4   0x000003f4   0x00000008   Code   RO         1312    i.BusFault_Handler  hc32f46x_interrupts.o
    0x000003fc   0x000003fc   0x00000002   Code   RO         3756    i.__scatterload_null  mc_w.l(handlers.o)
    0x000003fe   0x000003fe   0x00000002   PAD
    0x00000400   0x00000400   0x00000020   Data   RO         1288    .ARM.__AT_0x00000400  hc32f46x_icg.o
    0x00000420   0x00000420   0x000000b0   Code   RO         3716    .text               mf_w.l(fadd.o)
    0x000004d0   0x000004d0   0x0000007c   Code   RO         3720    .text               mf_w.l(fdiv.o)
    0x0000054c   0x0000054c   0x00000028   Code   RO         3724    .text               mf_w.l(ffixui.o)
    0x00000574   0x00000574   0x00000014   Code   RO         3728    .text               mf_w.l(cfrcmple.o)
    0x00000588   0x00000588   0x0000001e   Code   RO         3744    .text               mc_w.l(llshl.o)
    0x000005a6   0x000005a6   0x00000020   Code   RO         3746    .text               mc_w.l(llushr.o)
    0x000005c6   0x000005c6   0x0000006e   Code   RO         3749    .text               mf_w.l(fepilogue.o)
    0x00000634   0x00000634   0x00000024   Code   RO         3751    .text               mc_w.l(init.o)
    0x00000658   0x00000658   0x00000044   Code   RO         3508    i.Apply             apply.o
    0x0000069c   0x0000069c   0x00000068   Code   RO         2893    i.AsyncDelay        hc32f46x_timer0.o
    0x00000704   0x00000704   0x00000128   Code   RO          175    i.CLK_GetClockFreq  hc32f46x_clk.o
    0x0000082c   0x0000082c   0x00000078   Code   RO          178    i.CLK_GetFlagStatus  hc32f46x_clk.o
    0x000008a4   0x000008a4   0x000000c0   Code   RO          182    i.CLK_HrcCmd        hc32f46x_clk.o
    0x00000964   0x00000964   0x00000090   Code   RO          186    i.CLK_MpllCmd       hc32f46x_clk.o
    0x000009f4   0x000009f4   0x00000090   Code   RO          187    i.CLK_MpllConfig    hc32f46x_clk.o
    0x00000a84   0x00000a84   0x00000040   Code   RO          194    i.CLK_SetPllSource  hc32f46x_clk.o
    0x00000ac4   0x00000ac4   0x000000d4   Code   RO          195    i.CLK_SetSysClkSource  hc32f46x_clk.o
    0x00000b98   0x00000b98   0x000000e8   Code   RO          197    i.CLK_SysClkConfig  hc32f46x_clk.o
    0x00000c80   0x00000c80   0x00000008   Code   RO         1313    i.DebugMon_Handler  hc32f46x_interrupts.o
    0x00000c88   0x00000c88   0x00000014   Code   RO          668    i.EFM_InstructionCacheCmd  hc32f46x_efm.o
    0x00000c9c   0x00000c9c   0x00000018   Code   RO          670    i.EFM_Lock          hc32f46x_efm.o
    0x00000cb4   0x00000cb4   0x00000014   Code   RO          679    i.EFM_SetLatency    hc32f46x_efm.o
    0x00000cc8   0x00000cc8   0x00000014   Code   RO          684    i.EFM_Unlock        hc32f46x_efm.o
    0x00000cdc   0x00000cdc   0x00000046   Code   RO         3567    i.GPIOInit          init.o
    0x00000d22   0x00000d22   0x00000008   Code   RO         1314    i.HardFault_Handler  hc32f46x_interrupts.o
    0x00000d2a   0x00000d2a   0x00000002   PAD
    0x00000d2c   0x00000d2c   0x00000014   Code   RO         1315    i.IRQ000_Handler    hc32f46x_interrupts.o
    0x00000d40   0x00000d40   0x00000014   Code   RO         1316    i.IRQ001_Handler    hc32f46x_interrupts.o
    0x00000d54   0x00000d54   0x00000014   Code   RO         1317    i.IRQ002_Handler    hc32f46x_interrupts.o
    0x00000d68   0x00000d68   0x00000014   Code   RO         1318    i.IRQ003_Handler    hc32f46x_interrupts.o
    0x00000d7c   0x00000d7c   0x00000014   Code   RO         1319    i.IRQ004_Handler    hc32f46x_interrupts.o
    0x00000d90   0x00000d90   0x00000014   Code   RO         1320    i.IRQ005_Handler    hc32f46x_interrupts.o
    0x00000da4   0x00000da4   0x00000014   Code   RO         1321    i.IRQ006_Handler    hc32f46x_interrupts.o
    0x00000db8   0x00000db8   0x00000014   Code   RO         1322    i.IRQ007_Handler    hc32f46x_interrupts.o
    0x00000dcc   0x00000dcc   0x00000014   Code   RO         1323    i.IRQ008_Handler    hc32f46x_interrupts.o
    0x00000de0   0x00000de0   0x00000014   Code   RO         1324    i.IRQ009_Handler    hc32f46x_interrupts.o
    0x00000df4   0x00000df4   0x00000014   Code   RO         1325    i.IRQ010_Handler    hc32f46x_interrupts.o
    0x00000e08   0x00000e08   0x00000014   Code   RO         1326    i.IRQ011_Handler    hc32f46x_interrupts.o
    0x00000e1c   0x00000e1c   0x00000014   Code   RO         1327    i.IRQ012_Handler    hc32f46x_interrupts.o
    0x00000e30   0x00000e30   0x00000014   Code   RO         1328    i.IRQ013_Handler    hc32f46x_interrupts.o
    0x00000e44   0x00000e44   0x00000014   Code   RO         1329    i.IRQ014_Handler    hc32f46x_interrupts.o
    0x00000e58   0x00000e58   0x00000014   Code   RO         1330    i.IRQ015_Handler    hc32f46x_interrupts.o
    0x00000e6c   0x00000e6c   0x00000014   Code   RO         1331    i.IRQ016_Handler    hc32f46x_interrupts.o
    0x00000e80   0x00000e80   0x00000014   Code   RO         1332    i.IRQ017_Handler    hc32f46x_interrupts.o
    0x00000e94   0x00000e94   0x00000014   Code   RO         1333    i.IRQ018_Handler    hc32f46x_interrupts.o
    0x00000ea8   0x00000ea8   0x00000014   Code   RO         1334    i.IRQ019_Handler    hc32f46x_interrupts.o
    0x00000ebc   0x00000ebc   0x00000014   Code   RO         1335    i.IRQ020_Handler    hc32f46x_interrupts.o
    0x00000ed0   0x00000ed0   0x00000014   Code   RO         1336    i.IRQ021_Handler    hc32f46x_interrupts.o
    0x00000ee4   0x00000ee4   0x00000014   Code   RO         1337    i.IRQ022_Handler    hc32f46x_interrupts.o
    0x00000ef8   0x00000ef8   0x00000014   Code   RO         1338    i.IRQ023_Handler    hc32f46x_interrupts.o
    0x00000f0c   0x00000f0c   0x00000014   Code   RO         1339    i.IRQ024_Handler    hc32f46x_interrupts.o
    0x00000f20   0x00000f20   0x00000014   Code   RO         1340    i.IRQ025_Handler    hc32f46x_interrupts.o
    0x00000f34   0x00000f34   0x00000014   Code   RO         1341    i.IRQ026_Handler    hc32f46x_interrupts.o
    0x00000f48   0x00000f48   0x00000014   Code   RO         1342    i.IRQ027_Handler    hc32f46x_interrupts.o
    0x00000f5c   0x00000f5c   0x00000014   Code   RO         1343    i.IRQ028_Handler    hc32f46x_interrupts.o
    0x00000f70   0x00000f70   0x00000014   Code   RO         1344    i.IRQ029_Handler    hc32f46x_interrupts.o
    0x00000f84   0x00000f84   0x00000014   Code   RO         1345    i.IRQ030_Handler    hc32f46x_interrupts.o
    0x00000f98   0x00000f98   0x00000014   Code   RO         1346    i.IRQ031_Handler    hc32f46x_interrupts.o
    0x00000fac   0x00000fac   0x00000018   Code   RO         1347    i.IRQ032_Handler    hc32f46x_interrupts.o
    0x00000fc4   0x00000fc4   0x00000018   Code   RO         1348    i.IRQ033_Handler    hc32f46x_interrupts.o
    0x00000fdc   0x00000fdc   0x00000018   Code   RO         1349    i.IRQ034_Handler    hc32f46x_interrupts.o
    0x00000ff4   0x00000ff4   0x00000018   Code   RO         1350    i.IRQ035_Handler    hc32f46x_interrupts.o
    0x0000100c   0x0000100c   0x00000018   Code   RO         1351    i.IRQ036_Handler    hc32f46x_interrupts.o
    0x00001024   0x00001024   0x00000018   Code   RO         1352    i.IRQ037_Handler    hc32f46x_interrupts.o
    0x0000103c   0x0000103c   0x00000018   Code   RO         1353    i.IRQ038_Handler    hc32f46x_interrupts.o
    0x00001054   0x00001054   0x00000018   Code   RO         1354    i.IRQ039_Handler    hc32f46x_interrupts.o
    0x0000106c   0x0000106c   0x00000018   Code   RO         1355    i.IRQ040_Handler    hc32f46x_interrupts.o
    0x00001084   0x00001084   0x00000018   Code   RO         1356    i.IRQ041_Handler    hc32f46x_interrupts.o
    0x0000109c   0x0000109c   0x00000018   Code   RO         1357    i.IRQ042_Handler    hc32f46x_interrupts.o
    0x000010b4   0x000010b4   0x00000018   Code   RO         1358    i.IRQ043_Handler    hc32f46x_interrupts.o
    0x000010cc   0x000010cc   0x00000018   Code   RO         1359    i.IRQ044_Handler    hc32f46x_interrupts.o
    0x000010e4   0x000010e4   0x00000018   Code   RO         1360    i.IRQ045_Handler    hc32f46x_interrupts.o
    0x000010fc   0x000010fc   0x00000018   Code   RO         1361    i.IRQ046_Handler    hc32f46x_interrupts.o
    0x00001114   0x00001114   0x00000018   Code   RO         1362    i.IRQ047_Handler    hc32f46x_interrupts.o
    0x0000112c   0x0000112c   0x00000018   Code   RO         1363    i.IRQ048_Handler    hc32f46x_interrupts.o
    0x00001144   0x00001144   0x00000018   Code   RO         1364    i.IRQ049_Handler    hc32f46x_interrupts.o
    0x0000115c   0x0000115c   0x00000018   Code   RO         1365    i.IRQ050_Handler    hc32f46x_interrupts.o
    0x00001174   0x00001174   0x00000018   Code   RO         1366    i.IRQ051_Handler    hc32f46x_interrupts.o
    0x0000118c   0x0000118c   0x00000018   Code   RO         1367    i.IRQ052_Handler    hc32f46x_interrupts.o
    0x000011a4   0x000011a4   0x00000018   Code   RO         1368    i.IRQ053_Handler    hc32f46x_interrupts.o
    0x000011bc   0x000011bc   0x00000018   Code   RO         1369    i.IRQ054_Handler    hc32f46x_interrupts.o
    0x000011d4   0x000011d4   0x00000018   Code   RO         1370    i.IRQ055_Handler    hc32f46x_interrupts.o
    0x000011ec   0x000011ec   0x00000018   Code   RO         1371    i.IRQ056_Handler    hc32f46x_interrupts.o
    0x00001204   0x00001204   0x00000018   Code   RO         1372    i.IRQ057_Handler    hc32f46x_interrupts.o
    0x0000121c   0x0000121c   0x00000018   Code   RO         1373    i.IRQ058_Handler    hc32f46x_interrupts.o
    0x00001234   0x00001234   0x00000018   Code   RO         1374    i.IRQ059_Handler    hc32f46x_interrupts.o
    0x0000124c   0x0000124c   0x00000018   Code   RO         1375    i.IRQ060_Handler    hc32f46x_interrupts.o
    0x00001264   0x00001264   0x00000018   Code   RO         1376    i.IRQ061_Handler    hc32f46x_interrupts.o
    0x0000127c   0x0000127c   0x00000018   Code   RO         1377    i.IRQ062_Handler    hc32f46x_interrupts.o
    0x00001294   0x00001294   0x00000018   Code   RO         1378    i.IRQ063_Handler    hc32f46x_interrupts.o
    0x000012ac   0x000012ac   0x00000018   Code   RO         1379    i.IRQ064_Handler    hc32f46x_interrupts.o
    0x000012c4   0x000012c4   0x00000018   Code   RO         1380    i.IRQ065_Handler    hc32f46x_interrupts.o
    0x000012dc   0x000012dc   0x00000018   Code   RO         1381    i.IRQ066_Handler    hc32f46x_interrupts.o
    0x000012f4   0x000012f4   0x00000018   Code   RO         1382    i.IRQ067_Handler    hc32f46x_interrupts.o
    0x0000130c   0x0000130c   0x00000018   Code   RO         1383    i.IRQ068_Handler    hc32f46x_interrupts.o
    0x00001324   0x00001324   0x00000018   Code   RO         1384    i.IRQ069_Handler    hc32f46x_interrupts.o
    0x0000133c   0x0000133c   0x00000018   Code   RO         1385    i.IRQ070_Handler    hc32f46x_interrupts.o
    0x00001354   0x00001354   0x00000018   Code   RO         1386    i.IRQ071_Handler    hc32f46x_interrupts.o
    0x0000136c   0x0000136c   0x00000018   Code   RO         1387    i.IRQ072_Handler    hc32f46x_interrupts.o
    0x00001384   0x00001384   0x00000018   Code   RO         1388    i.IRQ073_Handler    hc32f46x_interrupts.o
    0x0000139c   0x0000139c   0x00000018   Code   RO         1389    i.IRQ074_Handler    hc32f46x_interrupts.o
    0x000013b4   0x000013b4   0x00000018   Code   RO         1390    i.IRQ075_Handler    hc32f46x_interrupts.o
    0x000013cc   0x000013cc   0x00000018   Code   RO         1391    i.IRQ076_Handler    hc32f46x_interrupts.o
    0x000013e4   0x000013e4   0x00000018   Code   RO         1392    i.IRQ077_Handler    hc32f46x_interrupts.o
    0x000013fc   0x000013fc   0x00000018   Code   RO         1393    i.IRQ078_Handler    hc32f46x_interrupts.o
    0x00001414   0x00001414   0x00000018   Code   RO         1394    i.IRQ079_Handler    hc32f46x_interrupts.o
    0x0000142c   0x0000142c   0x00000018   Code   RO         1395    i.IRQ080_Handler    hc32f46x_interrupts.o
    0x00001444   0x00001444   0x00000018   Code   RO         1396    i.IRQ081_Handler    hc32f46x_interrupts.o
    0x0000145c   0x0000145c   0x00000018   Code   RO         1397    i.IRQ082_Handler    hc32f46x_interrupts.o
    0x00001474   0x00001474   0x00000018   Code   RO         1398    i.IRQ083_Handler    hc32f46x_interrupts.o
    0x0000148c   0x0000148c   0x00000018   Code   RO         1399    i.IRQ084_Handler    hc32f46x_interrupts.o
    0x000014a4   0x000014a4   0x00000018   Code   RO         1400    i.IRQ085_Handler    hc32f46x_interrupts.o
    0x000014bc   0x000014bc   0x00000018   Code   RO         1401    i.IRQ086_Handler    hc32f46x_interrupts.o
    0x000014d4   0x000014d4   0x00000018   Code   RO         1402    i.IRQ087_Handler    hc32f46x_interrupts.o
    0x000014ec   0x000014ec   0x00000018   Code   RO         1403    i.IRQ088_Handler    hc32f46x_interrupts.o
    0x00001504   0x00001504   0x00000018   Code   RO         1404    i.IRQ089_Handler    hc32f46x_interrupts.o
    0x0000151c   0x0000151c   0x00000018   Code   RO         1405    i.IRQ090_Handler    hc32f46x_interrupts.o
    0x00001534   0x00001534   0x00000018   Code   RO         1406    i.IRQ091_Handler    hc32f46x_interrupts.o
    0x0000154c   0x0000154c   0x00000018   Code   RO         1407    i.IRQ092_Handler    hc32f46x_interrupts.o
    0x00001564   0x00001564   0x00000018   Code   RO         1408    i.IRQ093_Handler    hc32f46x_interrupts.o
    0x0000157c   0x0000157c   0x00000018   Code   RO         1409    i.IRQ094_Handler    hc32f46x_interrupts.o
    0x00001594   0x00001594   0x00000018   Code   RO         1410    i.IRQ095_Handler    hc32f46x_interrupts.o
    0x000015ac   0x000015ac   0x00000018   Code   RO         1411    i.IRQ096_Handler    hc32f46x_interrupts.o
    0x000015c4   0x000015c4   0x00000018   Code   RO         1412    i.IRQ097_Handler    hc32f46x_interrupts.o
    0x000015dc   0x000015dc   0x00000018   Code   RO         1413    i.IRQ098_Handler    hc32f46x_interrupts.o
    0x000015f4   0x000015f4   0x00000018   Code   RO         1414    i.IRQ099_Handler    hc32f46x_interrupts.o
    0x0000160c   0x0000160c   0x00000018   Code   RO         1415    i.IRQ100_Handler    hc32f46x_interrupts.o
    0x00001624   0x00001624   0x00000018   Code   RO         1416    i.IRQ101_Handler    hc32f46x_interrupts.o
    0x0000163c   0x0000163c   0x00000018   Code   RO         1417    i.IRQ102_Handler    hc32f46x_interrupts.o
    0x00001654   0x00001654   0x00000018   Code   RO         1418    i.IRQ103_Handler    hc32f46x_interrupts.o
    0x0000166c   0x0000166c   0x00000018   Code   RO         1419    i.IRQ104_Handler    hc32f46x_interrupts.o
    0x00001684   0x00001684   0x00000018   Code   RO         1420    i.IRQ105_Handler    hc32f46x_interrupts.o
    0x0000169c   0x0000169c   0x00000018   Code   RO         1421    i.IRQ106_Handler    hc32f46x_interrupts.o
    0x000016b4   0x000016b4   0x00000018   Code   RO         1422    i.IRQ107_Handler    hc32f46x_interrupts.o
    0x000016cc   0x000016cc   0x00000018   Code   RO         1423    i.IRQ108_Handler    hc32f46x_interrupts.o
    0x000016e4   0x000016e4   0x00000018   Code   RO         1424    i.IRQ109_Handler    hc32f46x_interrupts.o
    0x000016fc   0x000016fc   0x00000018   Code   RO         1425    i.IRQ110_Handler    hc32f46x_interrupts.o
    0x00001714   0x00001714   0x00000018   Code   RO         1426    i.IRQ111_Handler    hc32f46x_interrupts.o
    0x0000172c   0x0000172c   0x00000018   Code   RO         1427    i.IRQ112_Handler    hc32f46x_interrupts.o
    0x00001744   0x00001744   0x00000018   Code   RO         1428    i.IRQ113_Handler    hc32f46x_interrupts.o
    0x0000175c   0x0000175c   0x00000018   Code   RO         1429    i.IRQ114_Handler    hc32f46x_interrupts.o
    0x00001774   0x00001774   0x00000018   Code   RO         1430    i.IRQ115_Handler    hc32f46x_interrupts.o
    0x0000178c   0x0000178c   0x00000018   Code   RO         1431    i.IRQ116_Handler    hc32f46x_interrupts.o
    0x000017a4   0x000017a4   0x00000018   Code   RO         1432    i.IRQ117_Handler    hc32f46x_interrupts.o
    0x000017bc   0x000017bc   0x00000018   Code   RO         1433    i.IRQ118_Handler    hc32f46x_interrupts.o
    0x000017d4   0x000017d4   0x00000018   Code   RO         1434    i.IRQ119_Handler    hc32f46x_interrupts.o
    0x000017ec   0x000017ec   0x00000018   Code   RO         1435    i.IRQ120_Handler    hc32f46x_interrupts.o
    0x00001804   0x00001804   0x00000018   Code   RO         1436    i.IRQ121_Handler    hc32f46x_interrupts.o
    0x0000181c   0x0000181c   0x00000018   Code   RO         1437    i.IRQ122_Handler    hc32f46x_interrupts.o
    0x00001834   0x00001834   0x00000018   Code   RO         1438    i.IRQ123_Handler    hc32f46x_interrupts.o
    0x0000184c   0x0000184c   0x00000018   Code   RO         1439    i.IRQ124_Handler    hc32f46x_interrupts.o
    0x00001864   0x00001864   0x00000018   Code   RO         1440    i.IRQ125_Handler    hc32f46x_interrupts.o
    0x0000187c   0x0000187c   0x00000018   Code   RO         1441    i.IRQ126_Handler    hc32f46x_interrupts.o
    0x00001894   0x00001894   0x00000018   Code   RO         1442    i.IRQ127_Handler    hc32f46x_interrupts.o
    0x000018ac   0x000018ac   0x00000150   Code   RO         1443    i.IRQ128_Handler    hc32f46x_interrupts.o
    0x000019fc   0x000019fc   0x00000466   Code   RO         1444    i.IRQ129_Handler    hc32f46x_interrupts.o
    0x00001e62   0x00001e62   0x00000002   PAD
    0x00001e64   0x00001e64   0x000000dc   Code   RO         1445    i.IRQ130_Handler    hc32f46x_interrupts.o
    0x00001f40   0x00001f40   0x000002c8   Code   RO         1446    i.IRQ131_Handler    hc32f46x_interrupts.o
    0x00002208   0x00002208   0x00000170   Code   RO         1447    i.IRQ132_Handler    hc32f46x_interrupts.o
    0x00002378   0x00002378   0x00000320   Code   RO         1448    i.IRQ136_Handler    hc32f46x_interrupts.o
    0x00002698   0x00002698   0x00000288   Code   RO         1449    i.IRQ137_Handler    hc32f46x_interrupts.o
    0x00002920   0x00002920   0x0000023c   Code   RO         1450    i.IRQ138_Handler    hc32f46x_interrupts.o
    0x00002b5c   0x00002b5c   0x00000128   Code   RO         1451    i.IRQ139_Handler    hc32f46x_interrupts.o
    0x00002c84   0x00002c84   0x00000214   Code   RO         1452    i.IRQ140_Handler    hc32f46x_interrupts.o
    0x00002e98   0x00002e98   0x0000025c   Code   RO         1453    i.IRQ141_Handler    hc32f46x_interrupts.o
    0x000030f4   0x000030f4   0x00000114   Code   RO         1454    i.IRQ142_Handler    hc32f46x_interrupts.o
    0x00003208   0x00003208   0x00000110   Code   RO         1455    i.IRQ143_Handler    hc32f46x_interrupts.o
    0x00003318   0x00003318   0x00000008   Code   RO         1456    i.MemManage_Handler  hc32f46x_interrupts.o
    0x00003320   0x00003320   0x00000008   Code   RO         1457    i.NMI_Handler       hc32f46x_interrupts.o
    0x00003328   0x00003328   0x00000018   Code   RO         3568    i.NVIC_ClearPendingIRQ  init.o
    0x00003340   0x00003340   0x00000016   Code   RO         3569    i.NVIC_EnableIRQ    init.o
    0x00003356   0x00003356   0x00000002   PAD
    0x00003358   0x00003358   0x00000028   Code   RO         3570    i.NVIC_SetPriority  init.o
    0x00003380   0x00003380   0x000000d4   Code   RO          950    i.PORT_Init         hc32f46x_gpio.o
    0x00003454   0x00003454   0x00000010   Code   RO          951    i.PORT_Lock         hc32f46x_gpio.o
    0x00003464   0x00003464   0x0000001c   Code   RO          954    i.PORT_ResetBits    hc32f46x_gpio.o
    0x00003480   0x00003480   0x0000001c   Code   RO          956    i.PORT_SetBits      hc32f46x_gpio.o
    0x0000349c   0x0000349c   0x00000058   Code   RO          957    i.PORT_SetFunc      hc32f46x_gpio.o
    0x000034f4   0x000034f4   0x00000010   Code   RO          961    i.PORT_Unlock       hc32f46x_gpio.o
    0x00003504   0x00003504   0x00000020   Code   RO         2369    i.PWC_Fcg1PeriphClockCmd  hc32f46x_pwc.o
    0x00003524   0x00003524   0x00000020   Code   RO         2370    i.PWC_Fcg2PeriphClockCmd  hc32f46x_pwc.o
    0x00003544   0x00003544   0x00000008   Code   RO         1458    i.PendSV_Handler    hc32f46x_interrupts.o
    0x0000354c   0x0000354c   0x00000008   Code   RO         1459    i.SVC_Handler       hc32f46x_interrupts.o
    0x00003554   0x00003554   0x0000012c   Code   RO         3170    i.SetClkSyncBaudrate  hc32f46x_usart.o
    0x00003680   0x00003680   0x00000160   Code   RO         3171    i.SetScBaudrate     hc32f46x_usart.o
    0x000037e0   0x000037e0   0x00000170   Code   RO         3172    i.SetUartBaudrate   hc32f46x_usart.o
    0x00003950   0x00003950   0x00000008   Code   RO         1460    i.SysTick_Handler   hc32f46x_interrupts.o
    0x00003958   0x00003958   0x0000010c   Code   RO         3571    i.SystemClockInit   init.o
    0x00003a64   0x00003a64   0x000000c4   Code   RO           13    i.SystemCoreClockUpdate  system_hc32f46x.o
    0x00003b28   0x00003b28   0x00000008   Code   RO           14    i.SystemInit        system_hc32f46x.o
    0x00003b30   0x00003b30   0x000005f4   Code   RO         2894    i.TIMER0_BaseInit   hc32f46x_timer0.o
    0x00004124   0x00004124   0x00000086   Code   RO         2896    i.TIMER0_Cmd        hc32f46x_timer0.o
    0x000041aa   0x000041aa   0x00000022   Code   RO         2898    i.TIMER0_GetClkMode  hc32f46x_timer0.o
    0x000041cc   0x000041cc   0x00000086   Code   RO         2903    i.TIMER0_IntCmd     hc32f46x_timer0.o
    0x00004252   0x00004252   0x00000002   PAD
    0x00004254   0x00004254   0x00000074   Code   RO         3633    i.Timer0B_CallBack  isr.o
    0x000042c8   0x000042c8   0x000000a4   Code   RO         3572    i.TimerInit         init.o
    0x0000436c   0x0000436c   0x0000014c   Code   RO         3573    i.UARTInit          init.o
    0x000044b8   0x000044b8   0x00000084   Code   RO         3174    i.USART_ClearStatus  hc32f46x_usart.o
    0x0000453c   0x0000453c   0x00000244   Code   RO         3176    i.USART_FuncCmd     hc32f46x_usart.o
    0x00004780   0x00004780   0x00000010   Code   RO         3186    i.USART_GetStatus   hc32f46x_usart.o
    0x00004790   0x00004790   0x0000000a   Code   RO         3189    i.USART_RecData     hc32f46x_usart.o
    0x0000479a   0x0000479a   0x0000000e   Code   RO         3191    i.USART_SendData    hc32f46x_usart.o
    0x000047a8   0x000047a8   0x00000068   Code   RO         3192    i.USART_SetBaudrate  hc32f46x_usart.o
    0x00004810   0x00004810   0x000002b0   Code   RO         3204    i.USART_UART_Init   hc32f46x_usart.o
    0x00004ac0   0x00004ac0   0x00000054   Code   RO         3509    i.UartDatePro       apply.o
    0x00004b14   0x00004b14   0x00000038   Code   RO         3510    i.UartTimeout       apply.o
    0x00004b4c   0x00004b4c   0x00000008   Code   RO         1461    i.UsageFault_Handler  hc32f46x_interrupts.o
    0x00004b54   0x00004b54   0x00000044   Code   RO         3634    i.UsartErrIrqCallback  isr.o
    0x00004b98   0x00004b98   0x00000034   Code   RO         3205    i.UsartGetClk       hc32f46x_usart.o
    0x00004bcc   0x00004bcc   0x00000028   Code   RO         3635    i.UsartRxIrqCallback  isr.o
    0x00004bf4   0x00004bf4   0x0000001c   Code   RO         3636    i.UsartTxCmpltIrqCallback  isr.o
    0x00004c10   0x00004c10   0x0000002c   Code   RO         3637    i.UsartTxIrqCallback  isr.o
    0x00004c3c   0x00004c3c   0x0000000e   Code   RO         3755    i.__scatterload_copy  mc_w.l(handlers.o)
    0x00004c4a   0x00004c4a   0x0000000e   Code   RO         3757    i.__scatterload_zeroinit  mc_w.l(handlers.o)
    0x00004c58   0x00004c58   0x00000088   Code   RO         1468    i.enIrqRegistration  hc32f46x_interrupts.o
    0x00004ce0   0x00004ce0   0x0000009c   Code   RO         3511    i.led               apply.o
    0x00004d7c   0x00004d7c   0x00000018   Code   RO         3688    i.main              main.o
    0x00004d94   0x00004d94   0x00000010   Data   RO         3206    .constdata          hc32f46x_usart.o
    0x00004da4   0x00004da4   0x00000009   Data   RO         3575    .constdata          init.o
    0x00004dad   0x00004dad   0x00000003   PAD
    0x00004db0   0x00004db0   0x00000020   Data   RO         3753    Region$$Table       anon$$obj.o


    Execution Region RW_IRAM1 (Exec base: 0x1fff8000, Load base: 0x00004dd0, Size: 0x000032e0, Max: 0x0002f000, ABSOLUTE)

    Exec Addr    Load Addr    Size         Type   Attr      Idx    E Section Name        Object

    0x1fff8000   0x00004dd0   0x00000004   Data   RW           15    .data               system_hc32f46x.o
    0x1fff8004   0x00004dd4   0x00000005   Data   RW         3513    .data               apply.o
    0x1fff8009   0x00004dd9   0x00000003   PAD
    0x1fff800c   0x00004ddc   0x00000024   Data   RW         3576    .data               init.o
    0x1fff8030   0x00004e00   0x0000000d   Data   RW         3639    .data               isr.o
    0x1fff803d   0x00004e0d   0x00000003   PAD
    0x1fff8040        -       0x00000200   Zero   RW         1472    .bss                hc32f46x_interrupts.o
    0x1fff8240        -       0x00000020   Zero   RW         3574    .bss                init.o
    0x1fff8260        -       0x00000080   Zero   RW         3638    .bss                isr.o
    0x1fff82e0        -       0x00003000   Zero   RW            1    STACK               startup_hc32f46x.o


==============================================================================

Image component sizes


      Code (inc. data)   RO Data    RW Data    ZI Data      Debug   Object Name

       364         58          0          5          0       2199   apply.o
         0          0          0          0          0    1510120   hc32f46x_adc.o
      1404        104          0          0          0      16259   hc32f46x_clk.o
        84         20          0          0          0       1675   hc32f46x_efm.o
       388         34          0          0          0       9833   hc32f46x_gpio.o
         0          0         32          0          0        461   hc32f46x_icg.o
      9914        948          0          0        512      77920   hc32f46x_interrupts.o
        64          8          0          0          0       1018   hc32f46x_pwc.o
      1930         12          0          0          0       7955   hc32f46x_timer0.o
      2616        160         16          0          0      12205   hc32f46x_usart.o
       920         90          9         36         32      30726   init.o
       296         50          0         13        128       3041   isr.o
        24          0          0          0          0        391   main.o
        88         20        640          0      12288        808   startup_hc32f46x.o
       204         24          0          4          0       5767   system_hc32f46x.o

    ----------------------------------------------------------------------
     18304       1528        732         64      12960    1680378   Object Totals
         0          0         32          0          0          0   (incl. Generated)
         8          0          3          6          0          0   (incl. Padding)

    ----------------------------------------------------------------------

      Code (inc. data)   RO Data    RW Data    ZI Data      Debug   Library Member Name

         0          0          0          0          0          0   entry.o
         0          0          0          0          0          0   entry10a.o
         0          0          0          0          0          0   entry11a.o
         8          4          0          0          0          0   entry2.o
         4          0          0          0          0          0   entry5.o
         0          0          0          0          0          0   entry7b.o
         0          0          0          0          0          0   entry8b.o
         8          4          0          0          0          0   entry9a.o
        30          0          0          0          0          0   handlers.o
        36          8          0          0          0         68   init.o
         0          0          0          0          0          0   iusefp.o
        30          0          0          0          0         68   llshl.o
        32          0          0          0          0         68   llushr.o
        36          0          0          0          0        108   memseta.o
        98          0          0          0          0         92   uldiv.o
        20          0          0          0          0         68   cfcmple.o
        20          0          0          0          0         68   cfrcmple.o
       176          0          0          0          0        140   fadd.o
       124          0          0          0          0         88   fdiv.o
       110          0          0          0          0        168   fepilogue.o
        40          0          0          0          0         68   ffixui.o
        10          0          0          0          0         68   ffltui.o
       100          0          0          0          0         76   fmul.o

    ----------------------------------------------------------------------
       884         16          0          0          0       1148   Library Totals
         2          0          0          0          0          0   (incl. Padding)

    ----------------------------------------------------------------------

      Code (inc. data)   RO Data    RW Data    ZI Data      Debug   Library Name

       282         16          0          0          0        404   mc_w.l
       600          0          0          0          0        744   mf_w.l

    ----------------------------------------------------------------------
       884         16          0          0          0       1148   Library Totals

    ----------------------------------------------------------------------

==============================================================================


      Code (inc. data)   RO Data    RW Data    ZI Data      Debug   

     19188       1544        732         64      12960    1670550   Grand Totals
     19188       1544        732         64      12960    1670550   ELF Image Totals
     19188       1544        732         64          0          0   ROM Totals

==============================================================================

    Total RO  Size (Code + RO Data)                19920 (  19.45kB)
    Total RW  Size (RW Data + ZI Data)             13024 (  12.72kB)
    Total ROM Size (Code + RO Data + RW Data)      19984 (  19.52kB)

==============================================================================

