


ARM Macro Assembler    Page 1 


    1 00000000         ;/******************************************************
                       ************************
    2 00000000         ;* Copyright (C) 2016, Huada Semiconductor Co.,Ltd All r
                       ights reserved.
    3 00000000         ;*
    4 00000000         ;* This software is owned and published by:
    5 00000000         ;* Huada Semiconductor Co.,Ltd ("HDSC").
    6 00000000         ;*
    7 00000000         ;* BY DOWNLOADING, INSTALLING OR USING THIS SOFTWARE, YO
                       U AGREE TO BE BOUND
    8 00000000         ;* BY ALL THE TERMS AND CONDITIONS OF THIS AGREEMENT.
    9 00000000         ;*
   10 00000000         ;* This software contains source code for use with HDSC
   11 00000000         ;* components. This software is licensed by HDSC to be a
                       dapted only
   12 00000000         ;* for use in systems utilizing HDSC components. HDSC sh
                       all not be
   13 00000000         ;* responsible for misuse or illegal use of this softwar
                       e for devices not
   14 00000000         ;* supported herein. HDSC is providing this software "AS
                        IS" and will
   15 00000000         ;* not be responsible for issues arising from incorrect 
                       user implementation
   16 00000000         ;* of the software.
   17 00000000         ;*
   18 00000000         ;* Disclaimer:
   19 00000000         ;* HDSC MAKES NO WARRANTY, EXPRESS OR IMPLIED, ARISING B
                       Y LAW OR OTHERWISE,
   20 00000000         ;* REGARDING THE SOFTWARE (INCLUDING ANY ACCOMPANYING WR
                       ITTEN MATERIALS),
   21 00000000         ;* ITS PERFORMANCE OR SUITABILITY FOR YOUR INTENDED USE,
                        INCLUDING,
   22 00000000         ;* WITHOUT LIMITATION, THE IMPLIED WARRANTY OF MERCHANTA
                       BILITY, THE IMPLIED
   23 00000000         ;* WARRANTY OF FITNESS FOR A PARTICULAR PURPOSE OR USE, 
                       AND THE IMPLIED
   24 00000000         ;* WARRANTY OF NONINFRINGEMENT.
   25 00000000         ;* HDSC SHALL HAVE NO LIABILITY (WHETHER IN CONTRACT, WA
                       RRANTY, TORT,
   26 00000000         ;* NEGLIGENCE OR OTHERWISE) FOR ANY DAMAGES WHATSOEVER (
                       INCLUDING, WITHOUT
   27 00000000         ;* LIMITATION, DAMAGES FOR LOSS OF BUSINESS PROFITS, BUS
                       INESS INTERRUPTION,
   28 00000000         ;* LOSS OF BUSINESS INFORMATION, OR OTHER PECUNIARY LOSS
                       ) ARISING FROM USE OR
   29 00000000         ;* INABILITY TO USE THE SOFTWARE, INCLUDING, WITHOUT LIM
                       ITATION, ANY DIRECT,
   30 00000000         ;* INDIRECT, INCIDENTAL, SPECIAL OR CONSEQUENTIAL DAMAGE
                       S OR LOSS OF DATA,
   31 00000000         ;* SAVINGS OR PROFITS,
   32 00000000         ;* EVEN IF Disclaimer HAS BEEN ADVISED OF THE POSSIBILIT
                       Y OF SUCH DAMAGES.
   33 00000000         ;* YOU ASSUME ALL RESPONSIBILITIES FOR SELECTION OF THE 
                       SOFTWARE TO ACHIEVE YOUR
   34 00000000         ;* INTENDED RESULTS, AND FOR THE INSTALLATION OF, USE OF
                       , AND RESULTS OBTAINED
   35 00000000         ;* FROM, THE SOFTWARE.
   36 00000000         ;*
   37 00000000         ;* This software may be replicated in part or whole for 



ARM Macro Assembler    Page 2 


                       the licensed use,
   38 00000000         ;* with the restriction that this Disclaimer and Copyrig
                       ht notice must be
   39 00000000         ;* included with each copy of this software, whether use
                       d in part or whole,
   40 00000000         ;* at all times.
   41 00000000         ;*/
   42 00000000         ;/******************************************************
                       ***********************/
   43 00000000         
   44 00000000         ;/******************************************************
                       ***********************/
   45 00000000         ;/*  Startup for ARM                                    
                                             */
   46 00000000         ;/*  Version     V1.0                                   
                                             */
   47 00000000         ;/*  Date        2018-10-13                             
                                               */
   48 00000000         ;/*  Target-mcu  HC32F46x                               
                                             */
   49 00000000         ;/******************************************************
                       ***********************/
   50 00000000         
   51 00000000         
   52 00000000         ; <h> Stack Configuration
   53 00000000         ;   <o> Stack Size (in Bytes) <0x0-0xFFFFFFFF:8>
   54 00000000         ; </h>
   55 00000000         
   56 00000000 00003000 
                       Stack_Size
                               EQU              0x00003000
   57 00000000         
   58 00000000                 AREA             STACK, NOINIT, READWRITE, ALIGN
=3
   59 00000000         Stack_Mem
                               SPACE            Stack_Size
   60 00003000         __initial_sp
   61 00003000         
   62 00003000         
   63 00003000         ; <h> Heap Configuration
   64 00003000         ;   <o>  Heap Size (in Bytes) <0x0-0xFFFFFFFF:8>
   65 00003000         ; </h>
   66 00003000         
   67 00003000 00000000 
                       Heap_Size
                               EQU              0x00000000
   68 00003000         
   69 00003000                 AREA             HEAP, NOINIT, READWRITE, ALIGN=
3
   70 00000000         __heap_base
   71 00000000         Heap_Mem
                               SPACE            Heap_Size
   72 00000000         __heap_limit
   73 00000000         
   74 00000000         
   75 00000000                 PRESERVE8
   76 00000000                 THUMB
   77 00000000         
   78 00000000         



ARM Macro Assembler    Page 3 


   79 00000000         ; Vector Table Mapped to Address 0 at Reset
   80 00000000         
   81 00000000                 AREA             RESET, DATA, READONLY
   82 00000000                 EXPORT           __Vectors
   83 00000000                 EXPORT           __Vectors_End
   84 00000000                 EXPORT           __Vectors_Size
   85 00000000         
   86 00000000 00000000 
                       __Vectors
                               DCD              __initial_sp ; Top of Stack
   87 00000004 00000000        DCD              Reset_Handler ; Reset Handler
   88 00000008 00000000        DCD              NMI_Handler ; NMI Handler
   89 0000000C 00000000        DCD              HardFault_Handler ; Hard Fault 
                                                            Handler
   90 00000010 00000000        DCD              MemManage_Handler 
                                                            ; MPU Fault Handler
                                                            
   91 00000014 00000000        DCD              BusFault_Handler 
                                                            ; Bus Fault Handler
                                                            
   92 00000018 00000000        DCD              UsageFault_Handler ; Usage Faul
                                                            t Handler
   93 0000001C 00000000        DCD              0           ; Reserved
   94 00000020 00000000        DCD              0           ; Reserved
   95 00000024 00000000        DCD              0           ; Reserved
   96 00000028 00000000        DCD              0           ; Reserved
   97 0000002C 00000000        DCD              SVC_Handler ; SVCall Handler
   98 00000030 00000000        DCD              DebugMon_Handler ; Debug Monito
                                                            r Handler
   99 00000034 00000000        DCD              0           ; Reserved
  100 00000038 00000000        DCD              PendSV_Handler ; PendSV Handler
                                                            
  101 0000003C 00000000        DCD              SysTick_Handler 
                                                            ; SysTick Handler
  102 00000040         
  103 00000040         ; Peripheral Interrupts
  104 00000040 00000000        DCD              IRQ000_Handler ; IRQ000_Handler
                                                            
  105 00000044 00000000        DCD              IRQ001_Handler ; IRQ001_Handler
                                                            
  106 00000048 00000000        DCD              IRQ002_Handler ; IRQ002_Handler
                                                            
  107 0000004C 00000000        DCD              IRQ003_Handler ; IRQ003_Handler
                                                            
  108 00000050 00000000        DCD              IRQ004_Handler ; IRQ004_Handler
                                                            
  109 00000054 00000000        DCD              IRQ005_Handler ; IRQ005_Handler
                                                            
  110 00000058 00000000        DCD              IRQ006_Handler ; IRQ006_Handler
                                                            
  111 0000005C 00000000        DCD              IRQ007_Handler ; IRQ007_Handler
                                                            
  112 00000060 00000000        DCD              IRQ008_Handler ; IRQ008_Handler
                                                            
  113 00000064 00000000        DCD              IRQ009_Handler ; IRQ009_Handler
                                                            
  114 00000068 00000000        DCD              IRQ010_Handler ; IRQ010_Handler
                                                            
  115 0000006C 00000000        DCD              IRQ011_Handler ; IRQ011_Handler



ARM Macro Assembler    Page 4 


                                                            
  116 00000070 00000000        DCD              IRQ012_Handler ; IRQ012_Handler
                                                            
  117 00000074 00000000        DCD              IRQ013_Handler ; IRQ013_Handler
                                                            
  118 00000078 00000000        DCD              IRQ014_Handler ; IRQ014_Handler
                                                            
  119 0000007C 00000000        DCD              IRQ015_Handler ; IRQ015_Handler
                                                            
  120 00000080 00000000        DCD              IRQ016_Handler ; IRQ016_Handler
                                                            
  121 00000084 00000000        DCD              IRQ017_Handler ; IRQ017_Handler
                                                            
  122 00000088 00000000        DCD              IRQ018_Handler ; IRQ018_Handler
                                                            
  123 0000008C 00000000        DCD              IRQ019_Handler ; IRQ019_Handler
                                                            
  124 00000090 00000000        DCD              IRQ020_Handler ; IRQ020_Handler
                                                            
  125 00000094 00000000        DCD              IRQ021_Handler ; IRQ021_Handler
                                                            
  126 00000098 00000000        DCD              IRQ022_Handler ; IRQ022_Handler
                                                            
  127 0000009C 00000000        DCD              IRQ023_Handler ; IRQ023_Handler
                                                            
  128 000000A0 00000000        DCD              IRQ024_Handler ; IRQ024_Handler
                                                            
  129 000000A4 00000000        DCD              IRQ025_Handler ; IRQ025_Handler
                                                            
  130 000000A8 00000000        DCD              IRQ026_Handler ; IRQ026_Handler
                                                            
  131 000000AC 00000000        DCD              IRQ027_Handler ; IRQ027_Handler
                                                            
  132 000000B0 00000000        DCD              IRQ028_Handler ; IRQ028_Handler
                                                            
  133 000000B4 00000000        DCD              IRQ029_Handler ; IRQ029_Handler
                                                            
  134 000000B8 00000000        DCD              IRQ030_Handler ; IRQ030_Handler
                                                            
  135 000000BC 00000000        DCD              IRQ031_Handler ; IRQ031_Handler
                                                            
  136 000000C0 00000000        DCD              IRQ032_Handler ; IRQ032_Handler
                                                            
  137 000000C4 00000000        DCD              IRQ033_Handler ; IRQ033_Handler
                                                            
  138 000000C8 00000000        DCD              IRQ034_Handler ; IRQ034_Handler
                                                            
  139 000000CC 00000000        DCD              IRQ035_Handler ; IRQ035_Handler
                                                            
  140 000000D0 00000000        DCD              IRQ036_Handler ; IRQ036_Handler
                                                            
  141 000000D4 00000000        DCD              IRQ037_Handler ; IRQ037_Handler
                                                            
  142 000000D8 00000000        DCD              IRQ038_Handler ; IRQ038_Handler
                                                            
  143 000000DC 00000000        DCD              IRQ039_Handler ; IRQ039_Handler
                                                            
  144 000000E0 00000000        DCD              IRQ040_Handler ; IRQ040_Handler
                                                            



ARM Macro Assembler    Page 5 


  145 000000E4 00000000        DCD              IRQ041_Handler ; IRQ041_Handler
                                                            
  146 000000E8 00000000        DCD              IRQ042_Handler ; IRQ042_Handler
                                                            
  147 000000EC 00000000        DCD              IRQ043_Handler ; IRQ043_Handler
                                                            
  148 000000F0 00000000        DCD              IRQ044_Handler ; IRQ044_Handler
                                                            
  149 000000F4 00000000        DCD              IRQ045_Handler ; IRQ045_Handler
                                                            
  150 000000F8 00000000        DCD              IRQ046_Handler ; IRQ046_Handler
                                                            
  151 000000FC 00000000        DCD              IRQ047_Handler ; IRQ047_Handler
                                                            
  152 00000100 00000000        DCD              IRQ048_Handler ; IRQ048_Handler
                                                            
  153 00000104 00000000        DCD              IRQ049_Handler ; IRQ049_Handler
                                                            
  154 00000108 00000000        DCD              IRQ050_Handler ; IRQ050_Handler
                                                            
  155 0000010C 00000000        DCD              IRQ051_Handler ; IRQ051_Handler
                                                            
  156 00000110 00000000        DCD              IRQ052_Handler ; IRQ052_Handler
                                                            
  157 00000114 00000000        DCD              IRQ053_Handler ; IRQ053_Handler
                                                            
  158 00000118 00000000        DCD              IRQ054_Handler ; IRQ054_Handler
                                                            
  159 0000011C 00000000        DCD              IRQ055_Handler ; IRQ055_Handler
                                                            
  160 00000120 00000000        DCD              IRQ056_Handler ; IRQ056_Handler
                                                            
  161 00000124 00000000        DCD              IRQ057_Handler ; IRQ057_Handler
                                                            
  162 00000128 00000000        DCD              IRQ058_Handler ; IRQ058_Handler
                                                            
  163 0000012C 00000000        DCD              IRQ059_Handler ; IRQ059_Handler
                                                            
  164 00000130 00000000        DCD              IRQ060_Handler ; IRQ060_Handler
                                                            
  165 00000134 00000000        DCD              IRQ061_Handler ; IRQ061_Handler
                                                            
  166 00000138 00000000        DCD              IRQ062_Handler ; IRQ062_Handler
                                                            
  167 0000013C 00000000        DCD              IRQ063_Handler ; IRQ063_Handler
                                                            
  168 00000140 00000000        DCD              IRQ064_Handler ; IRQ064_Handler
                                                            
  169 00000144 00000000        DCD              IRQ065_Handler ; IRQ065_Handler
                                                            
  170 00000148 00000000        DCD              IRQ066_Handler ; IRQ066_Handler
                                                            
  171 0000014C 00000000        DCD              IRQ067_Handler ; IRQ067_Handler
                                                            
  172 00000150 00000000        DCD              IRQ068_Handler ; IRQ068_Handler
                                                            
  173 00000154 00000000        DCD              IRQ069_Handler ; IRQ069_Handler
                                                            
  174 00000158 00000000        DCD              IRQ070_Handler ; IRQ070_Handler



ARM Macro Assembler    Page 6 


                                                            
  175 0000015C 00000000        DCD              IRQ071_Handler ; IRQ071_Handler
                                                            
  176 00000160 00000000        DCD              IRQ072_Handler ; IRQ072_Handler
                                                            
  177 00000164 00000000        DCD              IRQ073_Handler ; IRQ073_Handler
                                                            
  178 00000168 00000000        DCD              IRQ074_Handler ; IRQ074_Handler
                                                            
  179 0000016C 00000000        DCD              IRQ075_Handler ; IRQ075_Handler
                                                            
  180 00000170 00000000        DCD              IRQ076_Handler ; IRQ076_Handler
                                                            
  181 00000174 00000000        DCD              IRQ077_Handler ; IRQ077_Handler
                                                            
  182 00000178 00000000        DCD              IRQ078_Handler ; IRQ078_Handler
                                                            
  183 0000017C 00000000        DCD              IRQ079_Handler ; IRQ079_Handler
                                                            
  184 00000180 00000000        DCD              IRQ080_Handler ; IRQ080_Handler
                                                            
  185 00000184 00000000        DCD              IRQ081_Handler ; IRQ081_Handler
                                                            
  186 00000188 00000000        DCD              IRQ082_Handler ; IRQ082_Handler
                                                            
  187 0000018C 00000000        DCD              IRQ083_Handler ; IRQ083_Handler
                                                            
  188 00000190 00000000        DCD              IRQ084_Handler ; IRQ084_Handler
                                                            
  189 00000194 00000000        DCD              IRQ085_Handler ; IRQ085_Handler
                                                            
  190 00000198 00000000        DCD              IRQ086_Handler ; IRQ086_Handler
                                                            
  191 0000019C 00000000        DCD              IRQ087_Handler ; IRQ087_Handler
                                                            
  192 000001A0 00000000        DCD              IRQ088_Handler ; IRQ088_Handler
                                                            
  193 000001A4 00000000        DCD              IRQ089_Handler ; IRQ089_Handler
                                                            
  194 000001A8 00000000        DCD              IRQ090_Handler ; IRQ090_Handler
                                                            
  195 000001AC 00000000        DCD              IRQ091_Handler ; IRQ091_Handler
                                                            
  196 000001B0 00000000        DCD              IRQ092_Handler ; IRQ092_Handler
                                                            
  197 000001B4 00000000        DCD              IRQ093_Handler ; IRQ093_Handler
                                                            
  198 000001B8 00000000        DCD              IRQ094_Handler ; IRQ094_Handler
                                                            
  199 000001BC 00000000        DCD              IRQ095_Handler ; IRQ095_Handler
                                                            
  200 000001C0 00000000        DCD              IRQ096_Handler ; IRQ096_Handler
                                                            
  201 000001C4 00000000        DCD              IRQ097_Handler ; IRQ097_Handler
                                                            
  202 000001C8 00000000        DCD              IRQ098_Handler ; IRQ098_Handler
                                                            
  203 000001CC 00000000        DCD              IRQ099_Handler ; IRQ099_Handler
                                                            



ARM Macro Assembler    Page 7 


  204 000001D0 00000000        DCD              IRQ100_Handler ; IRQ100_Handler
                                                            
  205 000001D4 00000000        DCD              IRQ101_Handler ; IRQ101_Handler
                                                            
  206 000001D8 00000000        DCD              IRQ102_Handler ; IRQ102_Handler
                                                            
  207 000001DC 00000000        DCD              IRQ103_Handler ; IRQ103_Handler
                                                            
  208 000001E0 00000000        DCD              IRQ104_Handler ; IRQ104_Handler
                                                            
  209 000001E4 00000000        DCD              IRQ105_Handler ; IRQ105_Handler
                                                            
  210 000001E8 00000000        DCD              IRQ106_Handler ; IRQ106_Handler
                                                            
  211 000001EC 00000000        DCD              IRQ107_Handler ; IRQ107_Handler
                                                            
  212 000001F0 00000000        DCD              IRQ108_Handler ; IRQ108_Handler
                                                            
  213 000001F4 00000000        DCD              IRQ109_Handler ; IRQ109_Handler
                                                            
  214 000001F8 00000000        DCD              IRQ110_Handler ; IRQ110_Handler
                                                            
  215 000001FC 00000000        DCD              IRQ111_Handler ; IRQ111_Handler
                                                            
  216 00000200 00000000        DCD              IRQ112_Handler ; IRQ112_Handler
                                                            
  217 00000204 00000000        DCD              IRQ113_Handler ; IRQ113_Handler
                                                            
  218 00000208 00000000        DCD              IRQ114_Handler ; IRQ114_Handler
                                                            
  219 0000020C 00000000        DCD              IRQ115_Handler ; IRQ115_Handler
                                                            
  220 00000210 00000000        DCD              IRQ116_Handler ; IRQ116_Handler
                                                            
  221 00000214 00000000        DCD              IRQ117_Handler ; IRQ117_Handler
                                                            
  222 00000218 00000000        DCD              IRQ118_Handler ; IRQ118_Handler
                                                            
  223 0000021C 00000000        DCD              IRQ119_Handler ; IRQ119_Handler
                                                            
  224 00000220 00000000        DCD              IRQ120_Handler ; IRQ120_Handler
                                                            
  225 00000224 00000000        DCD              IRQ121_Handler ; IRQ121_Handler
                                                            
  226 00000228 00000000        DCD              IRQ122_Handler ; IRQ122_Handler
                                                            
  227 0000022C 00000000        DCD              IRQ123_Handler ; IRQ123_Handler
                                                            
  228 00000230 00000000        DCD              IRQ124_Handler ; IRQ124_Handler
                                                            
  229 00000234 00000000        DCD              IRQ125_Handler ; IRQ125_Handler
                                                            
  230 00000238 00000000        DCD              IRQ126_Handler ; IRQ126_Handler
                                                            
  231 0000023C 00000000        DCD              IRQ127_Handler ; IRQ127_Handler
                                                            
  232 00000240 00000000        DCD              IRQ128_Handler ; IRQ128_Handler
                                                            
  233 00000244 00000000        DCD              IRQ129_Handler ; IRQ129_Handler



ARM Macro Assembler    Page 8 


                                                            
  234 00000248 00000000        DCD              IRQ130_Handler ; IRQ130_Handler
                                                            
  235 0000024C 00000000        DCD              IRQ131_Handler ; IRQ131_Handler
                                                            
  236 00000250 00000000        DCD              IRQ132_Handler ; IRQ132_Handler
                                                            
  237 00000254 00000000        DCD              IRQ133_Handler ; IRQ133_Handler
                                                            
  238 00000258 00000000        DCD              IRQ134_Handler ; IRQ134_Handler
                                                            
  239 0000025C 00000000        DCD              IRQ135_Handler ; IRQ135_Handler
                                                            
  240 00000260 00000000        DCD              IRQ136_Handler ; IRQ136_Handler
                                                            
  241 00000264 00000000        DCD              IRQ137_Handler ; IRQ137_Handler
                                                            
  242 00000268 00000000        DCD              IRQ138_Handler ; IRQ138_Handler
                                                            
  243 0000026C 00000000        DCD              IRQ139_Handler ; IRQ139_Handler
                                                            
  244 00000270 00000000        DCD              IRQ140_Handler ; IRQ140_Handler
                                                            
  245 00000274 00000000        DCD              IRQ141_Handler ; IRQ141_Handler
                                                            
  246 00000278 00000000        DCD              IRQ142_Handler ; IRQ142_Handler
                                                            
  247 0000027C 00000000        DCD              IRQ143_Handler ; IRQ143_Handler
                                                            
  248 00000280         
  249 00000280         __Vectors_End
  250 00000280         
  251 00000280 00000280 
                       __Vectors_Size
                               EQU              __Vectors_End - __Vectors
  252 00000280         
  253 00000280                 AREA             |.text|, CODE, READONLY
  254 00000000         
  255 00000000         
  256 00000000         ; Reset Handler
  257 00000000         
  258 00000000         Reset_Handler
                               PROC
  259 00000000                 EXPORT           Reset_Handler             [WEAK
]
  260 00000000                 IMPORT           SystemInit
  261 00000000                 IMPORT           __main
  262 00000000         SET_SRAM3_WAIT
  263 00000000 4810            LDR              R0, =0x40050804
  264 00000002 F04F 0177       MOV              R1, #0x77
  265 00000006 6001            STR              R1, [R0]
  266 00000008         
  267 00000008 480F            LDR              R0, =0x4005080C
  268 0000000A F04F 0177       MOV              R1, #0x77
  269 0000000E 6001            STR              R1, [R0]
  270 00000010         
  271 00000010 480E            LDR              R0, =0x40050800
  272 00000012 F44F 5188       MOV              R1, #0x1100
  273 00000016 6001            STR              R1, [R0]



ARM Macro Assembler    Page 9 


  274 00000018         
  275 00000018 480A            LDR              R0, =0x40050804
  276 0000001A F04F 0176       MOV              R1, #0x76
  277 0000001E 6001            STR              R1, [R0]
  278 00000020         
  279 00000020 4809            LDR              R0, =0x4005080C
  280 00000022 F04F 0176       MOV              R1, #0x76
  281 00000026 6001            STR              R1, [R0]
  282 00000028         
  283 00000028 4809            LDR              R0, =SystemInit
  284 0000002A 4780            BLX              R0
  285 0000002C 4809            LDR              R0, =__main
  286 0000002E 4700            BX               R0
  287 00000030                 ENDP
  288 00000030         
  289 00000030         ; Dummy Exception Handlers (infinite loops which can be 
                       modified)
  290 00000030         
  291 00000030         NMI_Handler
                               PROC
  292 00000030                 EXPORT           NMI_Handler               [WEAK
]
  293 00000030 E7FE            B                .
  294 00000032                 ENDP
  296 00000032         HardFault_Handler
                               PROC
  297 00000032                 EXPORT           HardFault_Handler         [WEAK
]
  298 00000032 E7FE            B                .
  299 00000034                 ENDP
  301 00000034         MemManage_Handler
                               PROC
  302 00000034                 EXPORT           MemManage_Handler         [WEAK
]
  303 00000034 E7FE            B                .
  304 00000036                 ENDP
  306 00000036         BusFault_Handler
                               PROC
  307 00000036                 EXPORT           BusFault_Handler          [WEAK
]
  308 00000036 E7FE            B                .
  309 00000038                 ENDP
  311 00000038         UsageFault_Handler
                               PROC
  312 00000038                 EXPORT           UsageFault_Handler        [WEAK
]
  313 00000038 E7FE            B                .
  314 0000003A                 ENDP
  315 0000003A         SVC_Handler
                               PROC
  316 0000003A                 EXPORT           SVC_Handler               [WEAK
]
  317 0000003A E7FE            B                .
  318 0000003C                 ENDP
  320 0000003C         DebugMon_Handler
                               PROC
  321 0000003C                 EXPORT           DebugMon_Handler          [WEAK
]
  322 0000003C E7FE            B                .



ARM Macro Assembler    Page 10 


  323 0000003E                 ENDP
  325 0000003E         PendSV_Handler
                               PROC
  326 0000003E                 EXPORT           PendSV_Handler            [WEAK
]
  327 0000003E E7FE            B                .
  328 00000040                 ENDP
  330 00000040         SysTick_Handler
                               PROC
  331 00000040                 EXPORT           SysTick_Handler           [WEAK
]
  332 00000040 E7FE            B                .
  333 00000042                 ENDP
  334 00000042         
  335 00000042         Default_Handler
                               PROC
  336 00000042                 EXPORT           IRQ000_Handler        [WEAK]
  337 00000042                 EXPORT           IRQ001_Handler        [WEAK]
  338 00000042                 EXPORT           IRQ002_Handler        [WEAK]
  339 00000042                 EXPORT           IRQ003_Handler        [WEAK]
  340 00000042                 EXPORT           IRQ004_Handler        [WEAK]
  341 00000042                 EXPORT           IRQ005_Handler        [WEAK]
  342 00000042                 EXPORT           IRQ006_Handler        [WEAK]
  343 00000042                 EXPORT           IRQ007_Handler        [WEAK]
  344 00000042                 EXPORT           IRQ008_Handler        [WEAK]
  345 00000042                 EXPORT           IRQ009_Handler        [WEAK]
  346 00000042                 EXPORT           IRQ010_Handler        [WEAK]
  347 00000042                 EXPORT           IRQ011_Handler        [WEAK]
  348 00000042                 EXPORT           IRQ012_Handler        [WEAK]
  349 00000042                 EXPORT           IRQ013_Handler        [WEAK]
  350 00000042                 EXPORT           IRQ014_Handler        [WEAK]
  351 00000042                 EXPORT           IRQ015_Handler        [WEAK]
  352 00000042                 EXPORT           IRQ016_Handler        [WEAK]
  353 00000042                 EXPORT           IRQ017_Handler        [WEAK]
  354 00000042                 EXPORT           IRQ018_Handler        [WEAK]
  355 00000042                 EXPORT           IRQ019_Handler        [WEAK]
  356 00000042                 EXPORT           IRQ020_Handler        [WEAK]
  357 00000042                 EXPORT           IRQ021_Handler        [WEAK]
  358 00000042                 EXPORT           IRQ022_Handler        [WEAK]
  359 00000042                 EXPORT           IRQ023_Handler        [WEAK]
  360 00000042                 EXPORT           IRQ024_Handler        [WEAK]
  361 00000042                 EXPORT           IRQ025_Handler        [WEAK]
  362 00000042                 EXPORT           IRQ026_Handler        [WEAK]
  363 00000042                 EXPORT           IRQ027_Handler        [WEAK]
  364 00000042                 EXPORT           IRQ028_Handler        [WEAK]
  365 00000042                 EXPORT           IRQ029_Handler        [WEAK]
  366 00000042                 EXPORT           IRQ030_Handler        [WEAK]
  367 00000042                 EXPORT           IRQ031_Handler        [WEAK]
  368 00000042                 EXPORT           IRQ032_Handler        [WEAK]
  369 00000042                 EXPORT           IRQ033_Handler        [WEAK]
  370 00000042                 EXPORT           IRQ034_Handler        [WEAK]
  371 00000042                 EXPORT           IRQ035_Handler        [WEAK]
  372 00000042                 EXPORT           IRQ036_Handler        [WEAK]
  373 00000042                 EXPORT           IRQ037_Handler        [WEAK]
  374 00000042                 EXPORT           IRQ038_Handler        [WEAK]
  375 00000042                 EXPORT           IRQ039_Handler        [WEAK]
  376 00000042                 EXPORT           IRQ040_Handler        [WEAK]
  377 00000042                 EXPORT           IRQ041_Handler        [WEAK]
  378 00000042                 EXPORT           IRQ042_Handler        [WEAK]



ARM Macro Assembler    Page 11 


  379 00000042                 EXPORT           IRQ043_Handler        [WEAK]
  380 00000042                 EXPORT           IRQ044_Handler        [WEAK]
  381 00000042                 EXPORT           IRQ045_Handler        [WEAK]
  382 00000042                 EXPORT           IRQ046_Handler        [WEAK]
  383 00000042                 EXPORT           IRQ047_Handler        [WEAK]
  384 00000042                 EXPORT           IRQ048_Handler        [WEAK]
  385 00000042                 EXPORT           IRQ049_Handler        [WEAK]
  386 00000042                 EXPORT           IRQ050_Handler        [WEAK]
  387 00000042                 EXPORT           IRQ051_Handler        [WEAK]
  388 00000042                 EXPORT           IRQ052_Handler        [WEAK]
  389 00000042                 EXPORT           IRQ053_Handler        [WEAK]
  390 00000042                 EXPORT           IRQ054_Handler        [WEAK]
  391 00000042                 EXPORT           IRQ055_Handler        [WEAK]
  392 00000042                 EXPORT           IRQ056_Handler        [WEAK]
  393 00000042                 EXPORT           IRQ057_Handler        [WEAK]
  394 00000042                 EXPORT           IRQ058_Handler        [WEAK]
  395 00000042                 EXPORT           IRQ059_Handler        [WEAK]
  396 00000042                 EXPORT           IRQ060_Handler        [WEAK]
  397 00000042                 EXPORT           IRQ061_Handler        [WEAK]
  398 00000042                 EXPORT           IRQ062_Handler        [WEAK]
  399 00000042                 EXPORT           IRQ063_Handler        [WEAK]
  400 00000042                 EXPORT           IRQ064_Handler        [WEAK]
  401 00000042                 EXPORT           IRQ065_Handler        [WEAK]
  402 00000042                 EXPORT           IRQ066_Handler        [WEAK]
  403 00000042                 EXPORT           IRQ067_Handler        [WEAK]
  404 00000042                 EXPORT           IRQ068_Handler        [WEAK]
  405 00000042                 EXPORT           IRQ069_Handler        [WEAK]
  406 00000042                 EXPORT           IRQ070_Handler        [WEAK]
  407 00000042                 EXPORT           IRQ071_Handler        [WEAK]
  408 00000042                 EXPORT           IRQ072_Handler        [WEAK]
  409 00000042                 EXPORT           IRQ073_Handler        [WEAK]
  410 00000042                 EXPORT           IRQ074_Handler        [WEAK]
  411 00000042                 EXPORT           IRQ075_Handler        [WEAK]
  412 00000042                 EXPORT           IRQ076_Handler        [WEAK]
  413 00000042                 EXPORT           IRQ077_Handler        [WEAK]
  414 00000042                 EXPORT           IRQ078_Handler        [WEAK]
  415 00000042                 EXPORT           IRQ079_Handler        [WEAK]
  416 00000042                 EXPORT           IRQ080_Handler        [WEAK]
  417 00000042                 EXPORT           IRQ081_Handler        [WEAK]
  418 00000042                 EXPORT           IRQ082_Handler        [WEAK]
  419 00000042                 EXPORT           IRQ083_Handler        [WEAK]
  420 00000042                 EXPORT           IRQ084_Handler        [WEAK]
  421 00000042                 EXPORT           IRQ085_Handler        [WEAK]
  422 00000042                 EXPORT           IRQ086_Handler        [WEAK]
  423 00000042                 EXPORT           IRQ087_Handler        [WEAK]
  424 00000042                 EXPORT           IRQ088_Handler        [WEAK]
  425 00000042                 EXPORT           IRQ089_Handler        [WEAK]
  426 00000042                 EXPORT           IRQ090_Handler        [WEAK]
  427 00000042                 EXPORT           IRQ091_Handler        [WEAK]
  428 00000042                 EXPORT           IRQ092_Handler        [WEAK]
  429 00000042                 EXPORT           IRQ093_Handler        [WEAK]
  430 00000042                 EXPORT           IRQ094_Handler        [WEAK]
  431 00000042                 EXPORT           IRQ095_Handler        [WEAK]
  432 00000042                 EXPORT           IRQ096_Handler        [WEAK]
  433 00000042                 EXPORT           IRQ097_Handler        [WEAK]
  434 00000042                 EXPORT           IRQ098_Handler        [WEAK]
  435 00000042                 EXPORT           IRQ099_Handler        [WEAK]
  436 00000042                 EXPORT           IRQ100_Handler        [WEAK]
  437 00000042                 EXPORT           IRQ101_Handler        [WEAK]



ARM Macro Assembler    Page 12 


  438 00000042                 EXPORT           IRQ102_Handler        [WEAK]
  439 00000042                 EXPORT           IRQ103_Handler        [WEAK]
  440 00000042                 EXPORT           IRQ104_Handler        [WEAK]
  441 00000042                 EXPORT           IRQ105_Handler        [WEAK]
  442 00000042                 EXPORT           IRQ106_Handler        [WEAK]
  443 00000042                 EXPORT           IRQ107_Handler        [WEAK]
  444 00000042                 EXPORT           IRQ108_Handler        [WEAK]
  445 00000042                 EXPORT           IRQ109_Handler        [WEAK]
  446 00000042                 EXPORT           IRQ110_Handler        [WEAK]
  447 00000042                 EXPORT           IRQ111_Handler        [WEAK]
  448 00000042                 EXPORT           IRQ112_Handler        [WEAK]
  449 00000042                 EXPORT           IRQ113_Handler        [WEAK]
  450 00000042                 EXPORT           IRQ114_Handler        [WEAK]
  451 00000042                 EXPORT           IRQ115_Handler        [WEAK]
  452 00000042                 EXPORT           IRQ116_Handler        [WEAK]
  453 00000042                 EXPORT           IRQ117_Handler        [WEAK]
  454 00000042                 EXPORT           IRQ118_Handler        [WEAK]
  455 00000042                 EXPORT           IRQ119_Handler        [WEAK]
  456 00000042                 EXPORT           IRQ120_Handler        [WEAK]
  457 00000042                 EXPORT           IRQ121_Handler        [WEAK]
  458 00000042                 EXPORT           IRQ122_Handler        [WEAK]
  459 00000042                 EXPORT           IRQ123_Handler        [WEAK]
  460 00000042                 EXPORT           IRQ124_Handler        [WEAK]
  461 00000042                 EXPORT           IRQ125_Handler        [WEAK]
  462 00000042                 EXPORT           IRQ126_Handler        [WEAK]
  463 00000042                 EXPORT           IRQ127_Handler        [WEAK]
  464 00000042                 EXPORT           IRQ128_Handler        [WEAK]
  465 00000042                 EXPORT           IRQ129_Handler        [WEAK]
  466 00000042                 EXPORT           IRQ130_Handler        [WEAK]
  467 00000042                 EXPORT           IRQ131_Handler        [WEAK]
  468 00000042                 EXPORT           IRQ132_Handler        [WEAK]
  469 00000042                 EXPORT           IRQ133_Handler        [WEAK]
  470 00000042                 EXPORT           IRQ134_Handler        [WEAK]
  471 00000042                 EXPORT           IRQ135_Handler        [WEAK]
  472 00000042                 EXPORT           IRQ136_Handler        [WEAK]
  473 00000042                 EXPORT           IRQ137_Handler        [WEAK]
  474 00000042                 EXPORT           IRQ138_Handler        [WEAK]
  475 00000042                 EXPORT           IRQ139_Handler        [WEAK]
  476 00000042                 EXPORT           IRQ140_Handler        [WEAK]
  477 00000042                 EXPORT           IRQ141_Handler        [WEAK]
  478 00000042                 EXPORT           IRQ142_Handler        [WEAK]
  479 00000042                 EXPORT           IRQ143_Handler        [WEAK]
  480 00000042         IRQ000_Handler
  481 00000042         IRQ001_Handler
  482 00000042         IRQ002_Handler
  483 00000042         IRQ003_Handler
  484 00000042         IRQ004_Handler
  485 00000042         IRQ005_Handler
  486 00000042         IRQ006_Handler
  487 00000042         IRQ007_Handler
  488 00000042         IRQ008_Handler
  489 00000042         IRQ009_Handler
  490 00000042         IRQ010_Handler
  491 00000042         IRQ011_Handler
  492 00000042         IRQ012_Handler
  493 00000042         IRQ013_Handler
  494 00000042         IRQ014_Handler
  495 00000042         IRQ015_Handler
  496 00000042         IRQ016_Handler



ARM Macro Assembler    Page 13 


  497 00000042         IRQ017_Handler
  498 00000042         IRQ018_Handler
  499 00000042         IRQ019_Handler
  500 00000042         IRQ020_Handler
  501 00000042         IRQ021_Handler
  502 00000042         IRQ022_Handler
  503 00000042         IRQ023_Handler
  504 00000042         IRQ024_Handler
  505 00000042         IRQ025_Handler
  506 00000042         IRQ026_Handler
  507 00000042         IRQ027_Handler
  508 00000042         IRQ028_Handler
  509 00000042         IRQ029_Handler
  510 00000042         IRQ030_Handler
  511 00000042         IRQ031_Handler
  512 00000042         IRQ032_Handler
  513 00000042         IRQ033_Handler
  514 00000042         IRQ034_Handler
  515 00000042         IRQ035_Handler
  516 00000042         IRQ036_Handler
  517 00000042         IRQ037_Handler
  518 00000042         IRQ038_Handler
  519 00000042         IRQ039_Handler
  520 00000042         IRQ040_Handler
  521 00000042         IRQ041_Handler
  522 00000042         IRQ042_Handler
  523 00000042         IRQ043_Handler
  524 00000042         IRQ044_Handler
  525 00000042         IRQ045_Handler
  526 00000042         IRQ046_Handler
  527 00000042         IRQ047_Handler
  528 00000042         IRQ048_Handler
  529 00000042         IRQ049_Handler
  530 00000042         IRQ050_Handler
  531 00000042         IRQ051_Handler
  532 00000042         IRQ052_Handler
  533 00000042         IRQ053_Handler
  534 00000042         IRQ054_Handler
  535 00000042         IRQ055_Handler
  536 00000042         IRQ056_Handler
  537 00000042         IRQ057_Handler
  538 00000042         IRQ058_Handler
  539 00000042         IRQ059_Handler
  540 00000042         IRQ060_Handler
  541 00000042         IRQ061_Handler
  542 00000042         IRQ062_Handler
  543 00000042         IRQ063_Handler
  544 00000042         IRQ064_Handler
  545 00000042         IRQ065_Handler
  546 00000042         IRQ066_Handler
  547 00000042         IRQ067_Handler
  548 00000042         IRQ068_Handler
  549 00000042         IRQ069_Handler
  550 00000042         IRQ070_Handler
  551 00000042         IRQ071_Handler
  552 00000042         IRQ072_Handler
  553 00000042         IRQ073_Handler
  554 00000042         IRQ074_Handler
  555 00000042         IRQ075_Handler



ARM Macro Assembler    Page 14 


  556 00000042         IRQ076_Handler
  557 00000042         IRQ077_Handler
  558 00000042         IRQ078_Handler
  559 00000042         IRQ079_Handler
  560 00000042         IRQ080_Handler
  561 00000042         IRQ081_Handler
  562 00000042         IRQ082_Handler
  563 00000042         IRQ083_Handler
  564 00000042         IRQ084_Handler
  565 00000042         IRQ085_Handler
  566 00000042         IRQ086_Handler
  567 00000042         IRQ087_Handler
  568 00000042         IRQ088_Handler
  569 00000042         IRQ089_Handler
  570 00000042         IRQ090_Handler
  571 00000042         IRQ091_Handler
  572 00000042         IRQ092_Handler
  573 00000042         IRQ093_Handler
  574 00000042         IRQ094_Handler
  575 00000042         IRQ095_Handler
  576 00000042         IRQ096_Handler
  577 00000042         IRQ097_Handler
  578 00000042         IRQ098_Handler
  579 00000042         IRQ099_Handler
  580 00000042         IRQ100_Handler
  581 00000042         IRQ101_Handler
  582 00000042         IRQ102_Handler
  583 00000042         IRQ103_Handler
  584 00000042         IRQ104_Handler
  585 00000042         IRQ105_Handler
  586 00000042         IRQ106_Handler
  587 00000042         IRQ107_Handler
  588 00000042         IRQ108_Handler
  589 00000042         IRQ109_Handler
  590 00000042         IRQ110_Handler
  591 00000042         IRQ111_Handler
  592 00000042         IRQ112_Handler
  593 00000042         IRQ113_Handler
  594 00000042         IRQ114_Handler
  595 00000042         IRQ115_Handler
  596 00000042         IRQ116_Handler
  597 00000042         IRQ117_Handler
  598 00000042         IRQ118_Handler
  599 00000042         IRQ119_Handler
  600 00000042         IRQ120_Handler
  601 00000042         IRQ121_Handler
  602 00000042         IRQ122_Handler
  603 00000042         IRQ123_Handler
  604 00000042         IRQ124_Handler
  605 00000042         IRQ125_Handler
  606 00000042         IRQ126_Handler
  607 00000042         IRQ127_Handler
  608 00000042         IRQ128_Handler
  609 00000042         IRQ129_Handler
  610 00000042         IRQ130_Handler
  611 00000042         IRQ131_Handler
  612 00000042         IRQ132_Handler
  613 00000042         IRQ133_Handler
  614 00000042         IRQ134_Handler



ARM Macro Assembler    Page 15 


  615 00000042         IRQ135_Handler
  616 00000042         IRQ136_Handler
  617 00000042         IRQ137_Handler
  618 00000042         IRQ138_Handler
  619 00000042         IRQ139_Handler
  620 00000042         IRQ140_Handler
  621 00000042         IRQ141_Handler
  622 00000042         IRQ142_Handler
  623 00000042         IRQ143_Handler
  624 00000042 E7FE            B                .
  625 00000044                 ENDP
  626 00000044         
  627 00000044         
  628 00000044                 ALIGN
  629 00000044         
  630 00000044         
  631 00000044         ; User Initial Stack & Heap
  632 00000044         
  633 00000044                 IF               :DEF:__MICROLIB
  634 00000044         
  635 00000044                 EXPORT           __initial_sp
  636 00000044                 EXPORT           __heap_base
  637 00000044                 EXPORT           __heap_limit
  638 00000044         
  639 00000044                 ELSE
  654                          ENDIF
  655 00000044         
  656 00000044         
  657 00000044                 END
              40050804 
              4005080C 
              40050800 
              00000000 
              00000000 
Command Line: --debug --diag_suppress=9931 --cpu=Cortex-M4 --apcs=interwork --d
epend=.\objects\startup_hc32f46x.d -o.\objects\startup_hc32f46x.o -I.\RTE\_Targ
et_1 -ID:\LoadDown\Kile\ARM\PACK\HDSC\HC32F46x\1.0.2\Device\Include -ID:\LoadDo
wn\Kile\ARM\CMSIS\Include --predefine="__MICROLIB SETA 1" --predefine="__UVISIO
N_VERSION SETA 526" --list=.\listings\startup_hc32f46x.lst device\common\startu
p_hc32f46x.s
