<html>
<body>
<pre>
<h1>µVision Build Log</h1>
<h2>Tool Versions:</h2>
IDE-Version: ¦ÌVision V5.26.2.0
Copyright (C) 2018 ARM Ltd and ARM Germany GmbH. All rights reserved.
License Information: sa Administrator, ads, LIC=YA39U-SUJ49-457T5-GN6SF-KJDC1-E26PG
 
Tool Versions:
Toolchain:       MDK-ARM Plus  Version: 5.26.2.0
Toolchain Path:  D:\LoadDown\Kile\ARM\ARMCC\Bin
C Compiler:      Armcc.exe V5.06 update 6 (build 750)
Assembler:       Armasm.exe V5.06 update 6 (build 750)
Linker/Locator:  ArmLink.exe V5.06 update 6 (build 750)
Library Manager: ArmAr.exe V5.06 update 6 (build 750)
Hex Converter:   FromElf.exe V5.06 update 6 (build 750)
CPU DLL:         SARMCM3.DLL V5.26.2.0
Dialog DLL:      DCM.DLL V1.17.2.0
Target DLL:      Segger\JL2CM3.dll V2.99.31.0
Dialog DLL:      TCM.DLL V1.36.1.0
 
<h2>Project:</h2>
D:\item\6G\Keil5_AZ_6G\AZ_6G.uvprojx
Project File Date:  12/02/2020

<h2>Output:</h2>
*** Using Compiler 'V5.06 update 6 (build 750)', folder: 'D:\LoadDown\Kile\ARM\ARMCC\Bin'
Rebuild target 'Target 1'
assembling startup_hc32f46x.s...
compiling hc32f46x_aes.c...
compiling hc32f46x_can.c...
compiling hc32f46x_crc.c...
compiling system_hc32f46x.c...
compiling hc32f46x_cmp.c...
compiling hc32f46x_dmac.c...
compiling hc32f46x_efm.c...
compiling hc32f46x_emb.c...
compiling hc32f46x_adc.c...
compiling hc32f46x_dcu.c...
compiling hc32f46x_event_port.c...
compiling hc32f46x_clk.c...
compiling hc32f46x_ots.c...
compiling hc32f46x_keyscan.c...
compiling hc32f46x_hash.c...
compiling hc32f46x_exint_nmi_swi.c...
compiling hc32f46x_i2c.c...
compiling hc32f46x_mpu.c...
compiling hc32f46x_interrupts.c...
compiling hc32f46x_i2s.c...
compiling hc32f46x_icg.c...
compiling hc32f46x_pwc.c...
compiling hc32f46x_qspi.c...
compiling hc32f46x_gpio.c...
compiling hc32f46x_spi.c...
compiling hc32f46x_rmu.c...
compiling hc32f46x_timer4_emb.c...
compiling hc32f46x_timer0.c...
compiling hc32f46x_timer4_pwm.c...
compiling hc32f46x_sram.c...
compiling hc32f46x_timer4_oco.c...
compiling hc32f46x_swdt.c...
compiling hc32f46x_timer4_cnt.c...
compiling hc32f46x_sdioc.c...
compiling hc32f46x_rtc.c...
compiling hc32f46x_timer4_sevt.c...
compiling hc32f46x_timer6.c...
compiling hc32f46x_wdt.c...
compiling hc32f46x_trng.c...
compiling hc32f46x_utility.c...
compiling hc32f46x_timera.c...
compiling hc32f46x_usart.c...
compiling main.c...
compiling isr.c...
compiling init.c...
compiling Apply.c...
linking...
Program Size: Code=19232 RO-data=732 RW-data=60 ZI-data=12892  
FromELF: creating hex file...
".\Objects\AZ_6G.axf" - 0 Error(s), 0 Warning(s).

<h2>Software Packages used:</h2>

Package Vendor: HDSC
                https://raw.githubusercontent.com/hdscmcu/pack/master/HDSC.HC32F46x.1.0.2.pack
                HDSC.HC32F46x.1.0.2
                HC32F46x ARM Cortex-M4 Device Family Pack

<h2>Collection of Component include folders:</h2>
  .\RTE\_Target_1
  D:\LoadDown\Kile\ARM\PACK\HDSC\HC32F46x\1.0.2\Device\Include

<h2>Collection of Component Files used:</h2>
Build Time Elapsed:  00:00:37
</pre>
</body>
</html>
